Archive member included because of file (symbol)

c:/program files/atmel/atmel toolchain/arm gcc/native/4.8.1443/arm-gnu-toolchain/bin/../lib/gcc/arm-none-eabi/4.8.4/../../../../arm-none-eabi/lib/armv7-m\libc.a(lib_a-exit.o)
                              c:/program files/atmel/atmel toolchain/arm gcc/native/4.8.1443/arm-gnu-toolchain/bin/../lib/gcc/arm-none-eabi/4.8.4/../../../../arm-none-eabi/lib/armv7-m/crt0.o (exit)
c:/program files/atmel/atmel toolchain/arm gcc/native/4.8.1443/arm-gnu-toolchain/bin/../lib/gcc/arm-none-eabi/4.8.4/../../../../arm-none-eabi/lib/armv7-m\libc.a(lib_a-impure.o)
                              c:/program files/atmel/atmel toolchain/arm gcc/native/4.8.1443/arm-gnu-toolchain/bin/../lib/gcc/arm-none-eabi/4.8.4/../../../../arm-none-eabi/lib/armv7-m\libc.a(lib_a-exit.o) (_global_impure_ptr)
c:/program files/atmel/atmel toolchain/arm gcc/native/4.8.1443/arm-gnu-toolchain/bin/../lib/gcc/arm-none-eabi/4.8.4/../../../../arm-none-eabi/lib/armv7-m\libc.a(lib_a-init.o)
                              c:/program files/atmel/atmel toolchain/arm gcc/native/4.8.1443/arm-gnu-toolchain/bin/../lib/gcc/arm-none-eabi/4.8.4/../../../../arm-none-eabi/lib/armv7-m/crt0.o (__libc_init_array)
c:/program files/atmel/atmel toolchain/arm gcc/native/4.8.1443/arm-gnu-toolchain/bin/../lib/gcc/arm-none-eabi/4.8.4/../../../../arm-none-eabi/lib/armv7-m\libc.a(lib_a-iprintf.o)
                              src/ASF/sam/drivers/adc/adc.o (iprintf)
c:/program files/atmel/atmel toolchain/arm gcc/native/4.8.1443/arm-gnu-toolchain/bin/../lib/gcc/arm-none-eabi/4.8.4/../../../../arm-none-eabi/lib/armv7-m\libc.a(lib_a-memset.o)
                              c:/program files/atmel/atmel toolchain/arm gcc/native/4.8.1443/arm-gnu-toolchain/bin/../lib/gcc/arm-none-eabi/4.8.4/../../../../arm-none-eabi/lib/armv7-m/crt0.o (memset)
c:/program files/atmel/atmel toolchain/arm gcc/native/4.8.1443/arm-gnu-toolchain/bin/../lib/gcc/arm-none-eabi/4.8.4/../../../../arm-none-eabi/lib/armv7-m\libc.a(lib_a-puts.o)
                              src/ASF/sam/drivers/adc/adc.o (puts)
c:/program files/atmel/atmel toolchain/arm gcc/native/4.8.1443/arm-gnu-toolchain/bin/../lib/gcc/arm-none-eabi/4.8.4/../../../../arm-none-eabi/lib/armv7-m\libc.a(lib_a-setbuf.o)
                              src/main.o (setbuf)
c:/program files/atmel/atmel toolchain/arm gcc/native/4.8.1443/arm-gnu-toolchain/bin/../lib/gcc/arm-none-eabi/4.8.4/../../../../arm-none-eabi/lib/armv7-m\libc.a(lib_a-setvbuf.o)
                              c:/program files/atmel/atmel toolchain/arm gcc/native/4.8.1443/arm-gnu-toolchain/bin/../lib/gcc/arm-none-eabi/4.8.4/../../../../arm-none-eabi/lib/armv7-m\libc.a(lib_a-setbuf.o) (setvbuf)
c:/program files/atmel/atmel toolchain/arm gcc/native/4.8.1443/arm-gnu-toolchain/bin/../lib/gcc/arm-none-eabi/4.8.4/../../../../arm-none-eabi/lib/armv7-m\libc.a(lib_a-strlen.o)
                              c:/program files/atmel/atmel toolchain/arm gcc/native/4.8.1443/arm-gnu-toolchain/bin/../lib/gcc/arm-none-eabi/4.8.4/../../../../arm-none-eabi/lib/armv7-m\libc.a(lib_a-puts.o) (strlen)
c:/program files/atmel/atmel toolchain/arm gcc/native/4.8.1443/arm-gnu-toolchain/bin/../lib/gcc/arm-none-eabi/4.8.4/../../../../arm-none-eabi/lib/armv7-m\libc.a(lib_a-vfiprintf.o)
                              c:/program files/atmel/atmel toolchain/arm gcc/native/4.8.1443/arm-gnu-toolchain/bin/../lib/gcc/arm-none-eabi/4.8.4/../../../../arm-none-eabi/lib/armv7-m\libc.a(lib_a-iprintf.o) (_vfiprintf_r)
c:/program files/atmel/atmel toolchain/arm gcc/native/4.8.1443/arm-gnu-toolchain/bin/../lib/gcc/arm-none-eabi/4.8.4/../../../../arm-none-eabi/lib/armv7-m\libc.a(lib_a-wsetup.o)
                              c:/program files/atmel/atmel toolchain/arm gcc/native/4.8.1443/arm-gnu-toolchain/bin/../lib/gcc/arm-none-eabi/4.8.4/../../../../arm-none-eabi/lib/armv7-m\libc.a(lib_a-vfiprintf.o) (__swsetup_r)
c:/program files/atmel/atmel toolchain/arm gcc/native/4.8.1443/arm-gnu-toolchain/bin/../lib/gcc/arm-none-eabi/4.8.4/../../../../arm-none-eabi/lib/armv7-m\libc.a(lib_a-__call_atexit.o)
                              c:/program files/atmel/atmel toolchain/arm gcc/native/4.8.1443/arm-gnu-toolchain/bin/../lib/gcc/arm-none-eabi/4.8.4/../../../../arm-none-eabi/lib/armv7-m\libc.a(lib_a-exit.o) (__call_exitprocs)
c:/program files/atmel/atmel toolchain/arm gcc/native/4.8.1443/arm-gnu-toolchain/bin/../lib/gcc/arm-none-eabi/4.8.4/../../../../arm-none-eabi/lib/armv7-m\libc.a(lib_a-atexit.o)
                              c:/program files/atmel/atmel toolchain/arm gcc/native/4.8.1443/arm-gnu-toolchain/bin/../lib/gcc/arm-none-eabi/4.8.4/../../../../arm-none-eabi/lib/armv7-m\libc.a(lib_a-__call_atexit.o) (atexit)
c:/program files/atmel/atmel toolchain/arm gcc/native/4.8.1443/arm-gnu-toolchain/bin/../lib/gcc/arm-none-eabi/4.8.4/../../../../arm-none-eabi/lib/armv7-m\libc.a(lib_a-fflush.o)
[...]
Memory Configuration

Name             Origin             Length             Attributes
rom              0x00080000         0x00080000         xr
sram0            0x20000000         0x00010000         xrw
sram1            0x20080000         0x00008000         xrw
ram              0x20070000         0x00018000         xrw
*default*        0x00000000         0xffffffff

Linker script and memory map

LOAD c:/program files/atmel/atmel toolchain/arm gcc/native/4.8.1443/arm-gnu-toolchain/bin/../lib/gcc/arm-none-eabi/4.8.4/armv7-m/crti.o
LOAD c:/program files/atmel/atmel toolchain/arm gcc/native/4.8.1443/arm-gnu-toolchain/bin/../lib/gcc/arm-none-eabi/4.8.4/armv7-m/crtbegin.o
LOAD c:/program files/atmel/atmel toolchain/arm gcc/native/4.8.1443/arm-gnu-toolchain/bin/../lib/gcc/arm-none-eabi/4.8.4/../../../../arm-none-eabi/lib/armv7-m/crt0.o
LOAD src/ASF/common/services/clock/sam3x/sysclk.o
LOAD src/ASF/common/services/delay/sam/cycle_counter.o
LOAD src/ASF/common/services/serial/usart_serial.o
LOAD src/ASF/common/utils/interrupt/interrupt_sam_nvic.o
LOAD src/ASF/common/utils/stdio/read.o
LOAD src/ASF/common/utils/stdio/write.o
LOAD src/ASF/sam/boards/arduino_due_x/init.o
LOAD src/ASF/sam/drivers/adc/adc.o
LOAD src/ASF/sam/drivers/adc/adc_sam3u.o
LOAD src/ASF/sam/drivers/pdc/pdc.o
LOAD src/ASF/sam/drivers/pio/pio.o
LOAD src/ASF/sam/drivers/pio/pio_handler.o
LOAD src/ASF/sam/drivers/pmc/pmc.o
LOAD src/ASF/sam/drivers/pmc/sleep.o
LOAD src/ASF/sam/drivers/rtc/rtc.o
LOAD src/ASF/sam/drivers/tc/tc.o
LOAD src/ASF/sam/drivers/uart/uart.o
LOAD src/ASF/sam/drivers/usart/usart.o
LOAD src/ASF/sam/utils/cmsis/sam3x/source/templates/exceptions.o
LOAD src/ASF/sam/utils/cmsis/sam3x/source/templates/gcc/startup_sam3x.o
LOAD src/ASF/sam/utils/cmsis/sam3x/source/templates/system_sam3x.o
LOAD src/ASF/sam/utils/syscalls/gcc/syscalls.o
LOAD src/main.o
START GROUP
LOAD ../src/ASF/thirdparty/CMSIS/Lib/GCC\libarm_cortexM3l_math.a
LOAD c:/program files/atmel/atmel toolchain/arm gcc/native/4.8.1443/arm-gnu-toolchain/bin/../lib/gcc/arm-none-eabi/4.8.4/../../../../arm-none-eabi/lib/armv7-m\libm.a
END GROUP
START GROUP
LOAD c:/program files/atmel/atmel toolchain/arm gcc/native/4.8.1443/arm-gnu-toolchain/bin/../lib/gcc/arm-none-eabi/4.8.4/armv7-m\libgcc.a
LOAD c:/program files/atmel/atmel toolchain/arm gcc/native/4.8.1443/arm-gnu-toolchain/bin/../lib/gcc/arm-none-eabi/4.8.4/../../../../arm-none-eabi/lib/armv7-m\libc.a
END GROUP
LOAD c:/program files/atmel/atmel toolchain/arm gcc/native/4.8.1443/arm-gnu-toolchain/bin/../lib/gcc/arm-none-eabi/4.8.4/armv7-m/crtend.o
LOAD c:/program files/atmel/atmel toolchain/arm gcc/native/4.8.1443/arm-gnu-toolchain/bin/../lib/gcc/arm-none-eabi/4.8.4/armv7-m/crtn.o
                0x00002000                __stack_size__ = DEFINED (__stack_size__)?__stack_size__:0x2000
                0x20087ffc                __ram_end__ = ((ORIGIN (ram) + 0x18000) - 0x4)

.text           0x00080000     0x4460
                0x00080000                . = ALIGN (0x4)
                0x00080000                _sfixed = .
 *(.vectors .vectors.*)
 .vectors       0x00080000       0xf4 src/ASF/sam/utils/cmsis/sam3x/source/templates/gcc/startup_sam3x.o
                0x00080000                exception_table
 *(.text .text.* .gnu.linkonce.t.*)
 .text          0x000800f4       0x54 c:/program files/atmel/atmel toolchain/arm gcc/native/4.8.1443/arm-gnu-toolchain/bin/../lib/gcc/arm-none-eabi/4.8.4/armv7-m/crtbegin.o
 .text.sysclk_init
                0x00080148       0x64 src/ASF/common/services/clock/sam3x/sysclk.o
                0x00080148                sysclk_init
 .text._read    0x000801ac       0x40 src/ASF/common/utils/stdio/read.o
                0x000801ac                _read
 .text._write   0x000801ec       0x54 src/ASF/common/utils/stdio/write.o
                0x000801ec                _write
 .text.board_init
                0x00080240       0x58 src/ASF/sam/boards/arduino_due_x/init.o
                0x00080240                board_init
 .text.pio_set_peripheral
                0x00080298       0x28 src/ASF/sam/drivers/pio/pio.o
                0x00080298                pio_set_peripheral
 .text.pio_set_input
                0x000802c0       0x34 src/ASF/sam/drivers/pio/pio.o
                0x000802c0                pio_set_input
 .text.pio_set_output
                0x000802f4       0x28 src/ASF/sam/drivers/pio/pio.o
                0x000802f4                pio_set_output
 .text.pio_get_interrupt_status
                0x0008031c        0x4 src/ASF/sam/drivers/pio/pio.o
                0x0008031c                pio_get_interrupt_status
 .text.pio_get_interrupt_mask
                0x00080320        0x4 src/ASF/sam/drivers/pio/pio.o
                0x00080320                pio_get_interrupt_mask
 .text.pio_configure_pin
                0x00080324       0xd4 src/ASF/sam/drivers/pio/pio.o
                0x00080324                pio_configure_pin
 .text.pio_handler_process
                0x000803f8       0x58 src/ASF/sam/drivers/pio/pio_handler.o
                0x000803f8                pio_handler_process
 .text.PIOA_Handler
                0x00080450       0x14 src/ASF/sam/drivers/pio/pio_handler.o
                0x00080450                PIOA_Handler
 .text.PIOB_Handler
                0x00080464       0x14 src/ASF/sam/drivers/pio/pio_handler.o
                0x00080464                PIOB_Handler
 .text.PIOC_Handler
                0x00080478       0x14 src/ASF/sam/drivers/pio/pio_handler.o
                0x00080478                PIOC_Handler
 .text.PIOD_Handler
                0x0008048c       0x14 src/ASF/sam/drivers/pio/pio_handler.o
                0x0008048c                PIOD_Handler
 .text.pmc_switch_mck_to_pllack
                0x000804a0       0x64 src/ASF/sam/drivers/pmc/pmc.o
                0x000804a0                pmc_switch_mck_to_pllack
 .text.pmc_switch_mainck_to_xtal
                0x00080504       0x54 src/ASF/sam/drivers/pmc/pmc.o
                0x00080504                pmc_switch_mainck_to_xtal
 .text.pmc_osc_is_ready_mainck
                0x00080558       0x10 src/ASF/sam/drivers/pmc/pmc.o
                0x00080558                pmc_osc_is_ready_mainck
 .text.pmc_disable_pllack
                0x00080568       0x10 src/ASF/sam/drivers/pmc/pmc.o
                0x00080568                pmc_disable_pllack
 .text.pmc_is_locked_pllack
                0x00080578       0x10 src/ASF/sam/drivers/pmc/pmc.o
                0x00080578                pmc_is_locked_pllack
 .text.pmc_enable_periph_clk
                0x00080588       0x58 src/ASF/sam/drivers/pmc/pmc.o
                0x00080588                pmc_enable_periph_clk
 .text.uart_write
                0x000805e0       0x10 src/ASF/sam/drivers/uart/uart.o
                0x000805e0                uart_write
 .text.uart_read
                0x000805f0       0x14 src/ASF/sam/drivers/uart/uart.o
                0x000805f0                uart_read
 .text.usart_set_async_baudrate
                0x00080604       0x64 src/ASF/sam/drivers/usart/usart.o
                0x00080604                usart_set_async_baudrate
 .text.usart_reset
                0x00080668       0x28 src/ASF/sam/drivers/usart/usart.o
                0x00080668                usart_reset
 .text.usart_init_rs232
                0x00080690       0x54 src/ASF/sam/drivers/usart/usart.o
                0x00080690                usart_init_rs232
 .text.usart_enable_tx
                0x000806e4        0x8 src/ASF/sam/drivers/usart/usart.o
                0x000806e4                usart_enable_tx
 .text.usart_enable_rx
                0x000806ec        0x8 src/ASF/sam/drivers/usart/usart.o
                0x000806ec                usart_enable_rx
 .text.usart_write
                0x000806f4       0x14 src/ASF/sam/drivers/usart/usart.o
                0x000806f4                usart_write
 .text.usart_read
                0x00080708       0x18 src/ASF/sam/drivers/usart/usart.o
                0x00080708                usart_read
 .text.Dummy_Handler
                0x00080720        0x4 src/ASF/sam/utils/cmsis/sam3x/source/templates/exceptions.o
                0x00080720                DACC_Handler
                0x00080720                DebugMon_Handler
                0x00080720                DMAC_Handler
                0x00080720                TRNG_Handler
                0x00080720                HardFault_Handler
                0x00080720                TC2_Handler
                0x00080720                SysTick_Handler
                0x00080720                USART3_Handler
                0x00080720                TWI1_Handler
                0x00080720                PendSV_Handler
                0x00080720                NMI_Handler
                0x00080720                TC7_Handler
                0x00080720                SMC_Handler
                0x00080720                USART0_Handler
                0x00080720                RTT_Handler
                0x00080720                EFC1_Handler
                0x00080720                RTC_Handler
                0x00080720                UsageFault_Handler
                0x00080720                WDT_Handler
                0x00080720                CAN0_Handler
                0x00080720                TC4_Handler
                0x00080720                TC1_Handler
                0x00080720                HSMCI_Handler
                0x00080720                TC3_Handler
                0x00080720                Dummy_Handler
                0x00080720                TWI0_Handler
                0x00080720                USART1_Handler
                0x00080720                SSC_Handler
                0x00080720                EFC0_Handler
                0x00080720                PMC_Handler
                0x00080720                PWM_Handler
                0x00080720                CAN1_Handler
                0x00080720                MemManage_Handler
                0x00080720                SUPC_Handler
                0x00080720                SVC_Handler
                0x00080720                USART2_Handler
                0x00080720                EMAC_Handler
                0x00080720                UART_Handler
                0x00080720                BusFault_Handler
                0x00080720                RSTC_Handler
                0x00080720                TC0_Handler
                0x00080720                TC5_Handler
                0x00080720                UOTGHS_Handler
                0x00080720                SPI0_Handler
 .text.Reset_Handler
                0x00080724       0xb0 src/ASF/sam/utils/cmsis/sam3x/source/templates/gcc/startup_sam3x.o
                0x00080724                Reset_Handler
 .text.SystemCoreClockUpdate
                0x000807d4      0x11c src/ASF/sam/utils/cmsis/sam3x/source/templates/system_sam3x.o
                0x000807d4                SystemCoreClockUpdate
 .text._sbrk    0x000808f0       0x34 src/ASF/sam/utils/syscalls/gcc/syscalls.o
                0x000808f0                _sbrk
 .text._close   0x00080924        0x8 src/ASF/sam/utils/syscalls/gcc/syscalls.o
                0x00080924                _close
 .text._fstat   0x0008092c        0xc src/ASF/sam/utils/syscalls/gcc/syscalls.o
                0x0008092c                _fstat
 .text._isatty  0x00080938        0x4 src/ASF/sam/utils/syscalls/gcc/syscalls.o
                0x00080938                _isatty
 .text._lseek   0x0008093c        0x4 src/ASF/sam/utils/syscalls/gcc/syscalls.o
                0x0008093c                _lseek
 .text.usart_serial_getchar
                0x00080940       0xa8 src/main.o
 .text.usart_serial_putchar
                0x000809e8       0xa8 src/main.o
 .text.TC8_Handler
                0x00080a90       0x38 src/main.o
                0x00080a90                TC8_Handler
 .text.ADC_Handler
                0x00080ac8       0x24 src/main.o
                0x00080ac8                ADC_Handler
 .text.usart3_setup
                0x00080aec       0xb8 src/main.o
                0x00080aec                usart3_setup
 .text.tioa0_setup
                0x00080ba4       0x7c src/main.o
                0x00080ba4                tioa0_setup
 .text.tioa6_setup
                0x00080c20       0x84 src/main.o
                0x00080c20                tioa6_setup
 .text.tioa7_setup
                0x00080ca4       0x80 src/main.o
                0x00080ca4                tioa7_setup
 .text.tioa8_setup
                0x00080d24       0xa8 src/main.o
                0x00080d24                tioa8_setup
 .text.dac_setup
                0x00080dcc       0x68 src/main.o
                0x00080dcc                dac_setup
 .text.dac_write
                0x00080e34       0x24 src/main.o
                0x00080e34                dac_write
 .text.TC6_Handler
                0x00080e58       0x54 src/main.o
                0x00080e58                TC6_Handler
 .text.adc_setup
                0x00080eac       0x7c src/main.o
                0x00080eac                adc_setup
 .text.debug    0x00080f28       0x28 src/main.o
                0x00080f28                debug
 .text.main     0x00080f50       0x78 src/main.o
                0x00080f50                main
 .text.__libc_init_array
                0x00080fc8       0x50 c:/program files/atmel/atmel toolchain/arm gcc/native/4.8.1443/arm-gnu-toolchain/bin/../lib/gcc/arm-none-eabi/4.8.4/../../../../arm-none-eabi/lib/armv7-m\libc.a(lib_a-init.o)
                0x00080fc8                __libc_init_array
 .text.iprintf  0x00081018       0x28 c:/program files/atmel/atmel toolchain/arm gcc/native/4.8.1443/arm-gnu-toolchain/bin/../lib/gcc/arm-none-eabi/4.8.4/../../../../arm-none-eabi/lib/armv7-m\libc.a(lib_a-iprintf.o)
                0x00081018                iprintf
 .text.memset   0x00081040       0x94 c:/program files/atmel/atmel toolchain/arm gcc/native/4.8.1443/arm-gnu-toolchain/bin/../lib/gcc/arm-none-eabi/4.8.4/../../../../arm-none-eabi/lib/armv7-m\libc.a(lib_a-memset.o)
                0x00081040                memset
 .text.setbuf   0x000810d4       0x10 c:/program files/atmel/atmel toolchain/arm gcc/native/4.8.1443/arm-gnu-toolchain/bin/../lib/gcc/arm-none-eabi/4.8.4/../../../../arm-none-eabi/lib/armv7-m\libc.a(lib_a-setbuf.o)
                0x000810d4                setbuf
 .text.setvbuf  0x000810e4      0x100 c:/program files/atmel/atmel toolchain/arm gcc/native/4.8.1443/arm-gnu-toolchain/bin/../lib/gcc/arm-none-eabi/4.8.4/../../../../arm-none-eabi/lib/armv7-m\libc.a(lib_a-setvbuf.o)
                0x000810e4                setvbuf
 .text.strlen   0x000811e4       0x60 c:/program files/atmel/atmel toolchain/arm gcc/native/4.8.1443/arm-gnu-toolchain/bin/../lib/gcc/arm-none-eabi/4.8.4/../../../../arm-none-eabi/lib/armv7-m\libc.a(lib_a-strlen.o)
                0x000811e4                strlen
 .text.__sprint_r.part.0
                0x00081244       0x78 c:/program files/atmel/atmel toolchain/arm gcc/native/4.8.1443/arm-gnu-toolchain/bin/../lib/gcc/arm-none-eabi/4.8.4/../../../../arm-none-eabi/lib/armv7-m\libc.a(lib_a-vfiprintf.o)
 .text._vfiprintf_r
                0x000812bc      0xc54 c:/program files/atmel/atmel toolchain/arm gcc/native/4.8.1443/arm-gnu-toolchain/bin/../lib/gcc/arm-none-eabi/4.8.4/../../../../arm-none-eabi/lib/armv7-m\libc.a(lib_a-vfiprintf.o)
                0x000812bc                _vfiprintf_r
 .text.__sbprintf
                0x00081f10       0x7c c:/program files/atmel/atmel toolchain/arm gcc/native/4.8.1443/arm-gnu-toolchain/bin/../lib/gcc/arm-none-eabi/4.8.4/../../../../arm-none-eabi/lib/armv7-m\libc.a(lib_a-vfiprintf.o)
 .text.__swsetup_r
                0x00081f8c       0xc4 c:/program files/atmel/atmel toolchain/arm gcc/native/4.8.1443/arm-gnu-toolchain/bin/../lib/gcc/arm-none-eabi/4.8.4/../../../../arm-none-eabi/lib/armv7-m\libc.a(lib_a-wsetup.o)
                0x00081f8c                __swsetup_r
 .text.startup.register_fini
                0x00082050       0x14 c:/program files/atmel/atmel toolchain/arm gcc/native/4.8.1443/arm-gnu-toolchain/bin/../lib/gcc/arm-none-eabi/4.8.4/../../../../arm-none-eabi/lib/armv7-m\libc.a(lib_a-__call_atexit.o)
 .text.atexit   0x00082064        0xc c:/program files/atmel/atmel toolchain/arm gcc/native/4.8.1443/arm-gnu-toolchain/bin/../lib/gcc/arm-none-eabi/4.8.4/../../../../arm-none-eabi/lib/armv7-m\libc.a(lib_a-atexit.o)
                0x00082064                atexit
 .text.__sflush_r
                0x00082070      0x148 c:/program files/atmel/atmel toolchain/arm gcc/native/4.8.1443/arm-gnu-toolchain/bin/../lib/gcc/arm-none-eabi/4.8.4/../../../../arm-none-eabi/lib/armv7-m\libc.a(lib_a-fflush.o)
                0x00082070                __sflush_r
 .text._fflush_r
                0x000821b8       0x2c c:/program files/atmel/atmel toolchain/arm gcc/native/4.8.1443/arm-gnu-toolchain/bin/../lib/gcc/arm-none-eabi/4.8.4/../../../../arm-none-eabi/lib/armv7-m\libc.a(lib_a-fflush.o)
                0x000821b8                _fflush_r
 .text._cleanup_r
                0x000821e4        0xc c:/program files/atmel/atmel toolchain/arm gcc/native/4.8.1443/arm-gnu-toolchain/bin/../lib/gcc/arm-none-eabi/4.8.4/../../../../arm-none-eabi/lib/armv7-m\libc.a(lib_a-findfp.o)
                0x000821e4                _cleanup_r
 .text.__sinit  0x000821f0       0xf4 c:/program files/atmel/atmel toolchain/arm gcc/native/4.8.1443/arm-gnu-toolchain/bin/../lib/gcc/arm-none-eabi/4.8.4/../../../../arm-none-eabi/lib/armv7-m\libc.a(lib_a-findfp.o)
                0x000821f0                __sinit
 .text.__sfp_lock_acquire
                0x000822e4        0x4 c:/program files/atmel/atmel toolchain/arm gcc/native/4.8.1443/arm-gnu-toolchain/bin/../lib/gcc/arm-none-eabi/4.8.4/../../../../arm-none-eabi/lib/armv7-m\libc.a(lib_a-findfp.o)
                0x000822e4                __sfp_lock_acquire
 .text.__sfp_lock_release
                0x000822e8        0x4 c:/program files/atmel/atmel toolchain/arm gcc/native/4.8.1443/arm-gnu-toolchain/bin/../lib/gcc/arm-none-eabi/4.8.4/../../../../arm-none-eabi/lib/armv7-m\libc.a(lib_a-findfp.o)
                0x000822e8                __sfp_lock_release
 .text.__libc_fini_array
                0x000822ec       0x30 c:/program files/atmel/atmel toolchain/arm gcc/native/4.8.1443/arm-gnu-toolchain/bin/../lib/gcc/arm-none-eabi/4.8.4/../../../../arm-none-eabi/lib/armv7-m\libc.a(lib_a-fini.o)
                0x000822ec                __libc_fini_array
 .text._fputwc_r
                0x0008231c       0xc0 c:/program files/atmel/atmel toolchain/arm gcc/native/4.8.1443/arm-gnu-toolchain/bin/../lib/gcc/arm-none-eabi/4.8.4/../../../../arm-none-eabi/lib/armv7-m\libc.a(lib_a-fputwc.o)
                0x0008231c                _fputwc_r
 .text._malloc_trim_r
                0x000823dc       0x9c c:/program files/atmel/atmel toolchain/arm gcc/native/4.8.1443/arm-gnu-toolchain/bin/../lib/gcc/arm-none-eabi/4.8.4/../../../../arm-none-eabi/lib/armv7-m\libc.a(lib_a-freer.o)
                0x000823dc                _malloc_trim_r
 .text._free_r  0x00082478      0x198 c:/program files/atmel/atmel toolchain/arm gcc/native/4.8.1443/arm-gnu-toolchain/bin/../lib/gcc/arm-none-eabi/4.8.4/../../../../arm-none-eabi/lib/armv7-m\libc.a(lib_a-freer.o)
                0x00082478                _free_r
 .text.__sfvwrite_r
                0x00082610      0x318 c:/program files/atmel/atmel toolchain/arm gcc/native/4.8.1443/arm-gnu-toolchain/bin/../lib/gcc/arm-none-eabi/4.8.4/../../../../arm-none-eabi/lib/armv7-m\libc.a(lib_a-fvwrite.o)
                0x00082610                __sfvwrite_r
 .text._fwalk   0x00082928       0x48 c:/program files/atmel/atmel toolchain/arm gcc/native/4.8.1443/arm-gnu-toolchain/bin/../lib/gcc/arm-none-eabi/4.8.4/../../../../arm-none-eabi/lib/armv7-m\libc.a(lib_a-fwalk.o)
                0x00082928                _fwalk
 .text.__locale_charset
                0x00082970        0x8 c:/program files/atmel/atmel toolchain/arm gcc/native/4.8.1443/arm-gnu-toolchain/bin/../lib/gcc/arm-none-eabi/4.8.4/../../../../arm-none-eabi/lib/armv7-m\libc.a(lib_a-locale.o)
                0x00082970                __locale_charset
 .text.__locale_mb_cur_max
                0x00082978        0xc c:/program files/atmel/atmel toolchain/arm gcc/native/4.8.1443/arm-gnu-toolchain/bin/../lib/gcc/arm-none-eabi/4.8.4/../../../../arm-none-eabi/lib/armv7-m\libc.a(lib_a-locale.o)
                0x00082978                __locale_mb_cur_max
 .text.__smakebuf_r
                0x00082984       0xe0 c:/program files/atmel/atmel toolchain/arm gcc/native/4.8.1443/arm-gnu-toolchain/bin/../lib/gcc/arm-none-eabi/4.8.4/../../../../arm-none-eabi/lib/armv7-m\libc.a(lib_a-makebuf.o)
                0x00082984                __smakebuf_r
 .text.malloc   0x00082a64       0x10 c:/program files/atmel/atmel toolchain/arm gcc/native/4.8.1443/arm-gnu-toolchain/bin/../lib/gcc/arm-none-eabi/4.8.4/../../../../arm-none-eabi/lib/armv7-m\libc.a(lib_a-malloc.o)
                0x00082a64                malloc
 .text._malloc_r
                0x00082a74      0x538 c:/program files/atmel/atmel toolchain/arm gcc/native/4.8.1443/arm-gnu-toolchain/bin/../lib/gcc/arm-none-eabi/4.8.4/../../../../arm-none-eabi/lib/armv7-m\libc.a(lib_a-mallocr.o)
                0x00082a74                _malloc_r
 .text.memchr   0x00082fac       0x94 c:/program files/atmel/atmel toolchain/arm gcc/native/4.8.1443/arm-gnu-toolchain/bin/../lib/gcc/arm-none-eabi/4.8.4/../../../../arm-none-eabi/lib/armv7-m\libc.a(lib_a-memchr-stub.o)
                0x00082fac                memchr
 .text          0x00083040       0xec c:/program files/atmel/atmel toolchain/arm gcc/native/4.8.1443/arm-gnu-toolchain/bin/../lib/gcc/arm-none-eabi/4.8.4/../../../../arm-none-eabi/lib/armv7-m\libc.a(lib_a-memcpy.o)
                0x00083040                memcpy
 .text.memmove  0x0008312c       0xcc c:/program files/atmel/atmel toolchain/arm gcc/native/4.8.1443/arm-gnu-toolchain/bin/../lib/gcc/arm-none-eabi/4.8.4/../../../../arm-none-eabi/lib/armv7-m\libc.a(lib_a-memmove.o)
                0x0008312c                memmove
 .text.__malloc_lock
                0x000831f8        0x4 c:/program files/atmel/atmel toolchain/arm gcc/native/4.8.1443/arm-gnu-toolchain/bin/../lib/gcc/arm-none-eabi/4.8.4/../../../../arm-none-eabi/lib/armv7-m\libc.a(lib_a-mlock.o)
                0x000831f8                __malloc_lock
 .text.__malloc_unlock
                0x000831fc        0x4 c:/program files/atmel/atmel toolchain/arm gcc/native/4.8.1443/arm-gnu-toolchain/bin/../lib/gcc/arm-none-eabi/4.8.4/../../../../arm-none-eabi/lib/armv7-m\libc.a(lib_a-mlock.o)
                0x000831fc                __malloc_unlock
 .text._realloc_r
                0x00083200      0x3c0 c:/program files/atmel/atmel toolchain/arm gcc/native/4.8.1443/arm-gnu-toolchain/bin/../lib/gcc/arm-none-eabi/4.8.4/../../../../arm-none-eabi/lib/armv7-m\libc.a(lib_a-reallocr.o)
                0x00083200                _realloc_r
 .text._sbrk_r  0x000835c0       0x24 c:/program files/atmel/atmel toolchain/arm gcc/native/4.8.1443/arm-gnu-toolchain/bin/../lib/gcc/arm-none-eabi/4.8.4/../../../../arm-none-eabi/lib/armv7-m\libc.a(lib_a-sbrkr.o)
                0x000835c0                _sbrk_r
 .text.__sread  0x000835e4       0x24 c:/program files/atmel/atmel toolchain/arm gcc/native/4.8.1443/arm-gnu-toolchain/bin/../lib/gcc/arm-none-eabi/4.8.4/../../../../arm-none-eabi/lib/armv7-m\libc.a(lib_a-stdio.o)
                0x000835e4                __sread
 .text.__swrite
                0x00083608       0x38 c:/program files/atmel/atmel toolchain/arm gcc/native/4.8.1443/arm-gnu-toolchain/bin/../lib/gcc/arm-none-eabi/4.8.4/../../../../arm-none-eabi/lib/armv7-m\libc.a(lib_a-stdio.o)
                0x00083608                __swrite
 .text.__sseek  0x00083640       0x20 c:/program files/atmel/atmel toolchain/arm gcc/native/4.8.1443/arm-gnu-toolchain/bin/../lib/gcc/arm-none-eabi/4.8.4/../../../../arm-none-eabi/lib/armv7-m\libc.a(lib_a-stdio.o)
                0x00083640                __sseek
 .text.__sclose
                0x00083660        0x8 c:/program files/atmel/atmel toolchain/arm gcc/native/4.8.1443/arm-gnu-toolchain/bin/../lib/gcc/arm-none-eabi/4.8.4/../../../../arm-none-eabi/lib/armv7-m\libc.a(lib_a-stdio.o)
                0x00083660                __sclose
 .text.__swbuf_r
                0x00083668       0xa8 c:/program files/atmel/atmel toolchain/arm gcc/native/4.8.1443/arm-gnu-toolchain/bin/../lib/gcc/arm-none-eabi/4.8.4/../../../../arm-none-eabi/lib/armv7-m\libc.a(lib_a-wbuf.o)
                0x00083668                __swbuf_r
 .text._wcrtomb_r
                0x00083710       0x50 c:/program files/atmel/atmel toolchain/arm gcc/native/4.8.1443/arm-gnu-toolchain/bin/../lib/gcc/arm-none-eabi/4.8.4/../../../../arm-none-eabi/lib/armv7-m\libc.a(lib_a-wcrtomb.o)
                0x00083710                _wcrtomb_r
 .text.__ascii_wctomb
                0x00083760       0x1c c:/program files/atmel/atmel toolchain/arm gcc/native/4.8.1443/arm-gnu-toolchain/bin/../lib/gcc/arm-none-eabi/4.8.4/../../../../arm-none-eabi/lib/armv7-m\libc.a(lib_a-wctomb_r.o)
                0x00083760                __ascii_wctomb
 .text._write_r
                0x0008377c       0x28 c:/program files/atmel/atmel toolchain/arm gcc/native/4.8.1443/arm-gnu-toolchain/bin/../lib/gcc/arm-none-eabi/4.8.4/../../../../arm-none-eabi/lib/armv7-m\libc.a(lib_a-writer.o)
                0x0008377c                _write_r
 .text.__register_exitproc
                0x000837a4       0xa8 c:/program files/atmel/atmel toolchain/arm gcc/native/4.8.1443/arm-gnu-toolchain/bin/../lib/gcc/arm-none-eabi/4.8.4/../../../../arm-none-eabi/lib/armv7-m\libc.a(lib_a-__atexit.o)
                0x000837a4                __register_exitproc
 .text._close_r
                0x0008384c       0x24 c:/program files/atmel/atmel toolchain/arm gcc/native/4.8.1443/arm-gnu-toolchain/bin/../lib/gcc/arm-none-eabi/4.8.4/../../../../arm-none-eabi/lib/armv7-m\libc.a(lib_a-closer.o)
                0x0008384c                _close_r
 .text._fclose_r
                0x00083870       0x80 c:/program files/atmel/atmel toolchain/arm gcc/native/4.8.1443/arm-gnu-toolchain/bin/../lib/gcc/arm-none-eabi/4.8.4/../../../../arm-none-eabi/lib/armv7-m\libc.a(lib_a-fclose.o)
                0x00083870                _fclose_r
 .text.fclose   0x000838f0       0x10 c:/program files/atmel/atmel toolchain/arm gcc/native/4.8.1443/arm-gnu-toolchain/bin/../lib/gcc/arm-none-eabi/4.8.4/../../../../arm-none-eabi/lib/armv7-m\libc.a(lib_a-fclose.o)
                0x000838f0                fclose
 .text._fstat_r
                0x00083900       0x28 c:/program files/atmel/atmel toolchain/arm gcc/native/4.8.1443/arm-gnu-toolchain/bin/../lib/gcc/arm-none-eabi/4.8.4/../../../../arm-none-eabi/lib/armv7-m\libc.a(lib_a-fstatr.o)
                0x00083900                _fstat_r
 .text._isatty_r
                0x00083928       0x24 c:/program files/atmel/atmel toolchain/arm gcc/native/4.8.1443/arm-gnu-toolchain/bin/../lib/gcc/arm-none-eabi/4.8.4/../../../../arm-none-eabi/lib/armv7-m\libc.a(lib_a-isattyr.o)
                0x00083928                _isatty_r
 .text._lseek_r
                0x0008394c       0x28 c:/program files/atmel/atmel toolchain/arm gcc/native/4.8.1443/arm-gnu-toolchain/bin/../lib/gcc/arm-none-eabi/4.8.4/../../../../arm-none-eabi/lib/armv7-m\libc.a(lib_a-lseekr.o)
                0x0008394c                _lseek_r
 .text._read_r  0x00083974       0x28 c:/program files/atmel/atmel toolchain/arm gcc/native/4.8.1443/arm-gnu-toolchain/bin/../lib/gcc/arm-none-eabi/4.8.4/../../../../arm-none-eabi/lib/armv7-m\libc.a(lib_a-readr.o)
                0x00083974                _read_r
 .text          0x0008399c       0x2c c:/program files/atmel/atmel toolchain/arm gcc/native/4.8.1443/arm-gnu-toolchain/bin/../lib/gcc/arm-none-eabi/4.8.4/armv7-m\libgcc.a(_aeabi_uldivmod.o)
                0x0008399c                __aeabi_uldivmod
 .text          0x000839c8       0x60 c:/program files/atmel/atmel toolchain/arm gcc/native/4.8.1443/arm-gnu-toolchain/bin/../lib/gcc/arm-none-eabi/4.8.4/armv7-m\libgcc.a(bpabi.o)
                0x000839c8                __gnu_ldivmod_helper
                0x000839f8                __gnu_uldivmod_helper
 .text          0x00083a28        0x4 c:/program files/atmel/atmel toolchain/arm gcc/native/4.8.1443/arm-gnu-toolchain/bin/../lib/gcc/arm-none-eabi/4.8.4/armv7-m\libgcc.a(_dvmd_tls.o)
                0x00083a28                __aeabi_idiv0
                0x00083a28                __aeabi_ldiv0
 .text          0x00083a2c      0x2a0 c:/program files/atmel/atmel toolchain/arm gcc/native/4.8.1443/arm-gnu-toolchain/bin/../lib/gcc/arm-none-eabi/4.8.4/armv7-m\libgcc.a(_divdi3.o)
                0x00083a2c                __divdi3
 .text          0x00083ccc      0x290 c:/program files/atmel/atmel toolchain/arm gcc/native/4.8.1443/arm-gnu-toolchain/bin/../lib/gcc/arm-none-eabi/4.8.4/armv7-m\libgcc.a(_udivdi3.o)
                0x00083ccc                __udivdi3
 *(.glue_7t)
 .glue_7t       0x00000000        0x0 linker stubs
 *(.glue_7)
 .glue_7        0x00000000        0x0 linker stubs
 *(.rodata .rodata* .gnu.linkonce.r.*)
 .rodata.sineLUT
                0x00083f5c      0x400 src/main.o
 .rodata.str1.4
                0x0008435c       0x88 src/main.o
 .rodata.str1.4
                0x000843e4        0x2 c:/program files/atmel/atmel toolchain/arm gcc/native/4.8.1443/arm-gnu-toolchain/bin/../lib/gcc/arm-none-eabi/4.8.4/../../../../arm-none-eabi/lib/armv7-m\libc.a(lib_a-impure.o)
                                  0x4 (size before relaxing)
 *fill*         0x000843e6        0x2 
 .rodata._global_impure_ptr
                0x000843e8        0x4 c:/program files/atmel/atmel toolchain/arm gcc/native/4.8.1443/arm-gnu-toolchain/bin/../lib/gcc/arm-none-eabi/4.8.4/../../../../arm-none-eabi/lib/armv7-m\libc.a(lib_a-impure.o)
                0x000843e8                _global_impure_ptr
 .rodata.str1.4
                0x000843ec       0x30 c:/program files/atmel/atmel toolchain/arm gcc/native/4.8.1443/arm-gnu-toolchain/bin/../lib/gcc/arm-none-eabi/4.8.4/../../../../arm-none-eabi/lib/armv7-m\libc.a(lib_a-vfiprintf.o)
 .rodata.zeroes.6721
                0x0008441c       0x10 c:/program files/atmel/atmel toolchain/arm gcc/native/4.8.1443/arm-gnu-toolchain/bin/../lib/gcc/arm-none-eabi/4.8.4/../../../../arm-none-eabi/lib/armv7-m\libc.a(lib_a-vfiprintf.o)
 .rodata.blanks.6720
                0x0008442c       0x10 c:/program files/atmel/atmel toolchain/arm gcc/native/4.8.1443/arm-gnu-toolchain/bin/../lib/gcc/arm-none-eabi/4.8.4/../../../../arm-none-eabi/lib/armv7-m\libc.a(lib_a-vfiprintf.o)
 *(.ARM.extab* .gnu.linkonce.armextab.*)
                0x0008443c                . = ALIGN (0x4)
 *(.init)
 .init          0x0008443c        0x4 c:/program files/atmel/atmel toolchain/arm gcc/native/4.8.1443/arm-gnu-toolchain/bin/../lib/gcc/arm-none-eabi/4.8.4/armv7-m/crti.o
                0x0008443c                _init
 .init          0x00084440        0x8 c:/program files/atmel/atmel toolchain/arm gcc/native/4.8.1443/arm-gnu-toolchain/bin/../lib/gcc/arm-none-eabi/4.8.4/armv7-m/crtn.o
                0x00084448                . = ALIGN (0x4)
                0x00084448                __preinit_array_start = .
 *(.preinit_array)
                0x00084448                __preinit_array_end = .
                0x00084448                . = ALIGN (0x4)
                0x00084448                __init_array_start = .
 *(SORT(.init_array.*))
 .init_array.00000
                0x00084448        0x4 c:/program files/atmel/atmel toolchain/arm gcc/native/4.8.1443/arm-gnu-toolchain/bin/../lib/gcc/arm-none-eabi/4.8.4/../../../../arm-none-eabi/lib/armv7-m\libc.a(lib_a-__call_atexit.o)
 *(.init_array)
 .init_array    0x0008444c        0x4 c:/program files/atmel/atmel toolchain/arm gcc/native/4.8.1443/arm-gnu-toolchain/bin/../lib/gcc/arm-none-eabi/4.8.4/armv7-m/crtbegin.o
                0x00084450                __init_array_end = .
                0x00084450                . = ALIGN (0x4)
 *crtbegin.o(.ctors)
 *(EXCLUDE_FILE(*crtend.o) .ctors)
 *(SORT(.ctors.*))
 *crtend.o(.ctors)
                0x00084450                . = ALIGN (0x4)
 *(.fini)
 .fini          0x00084450        0x4 c:/program files/atmel/atmel toolchain/arm gcc/native/4.8.1443/arm-gnu-toolchain/bin/../lib/gcc/arm-none-eabi/4.8.4/armv7-m/crti.o
                0x00084450                _fini
 .fini          0x00084454        0x8 c:/program files/atmel/atmel toolchain/arm gcc/native/4.8.1443/arm-gnu-toolchain/bin/../lib/gcc/arm-none-eabi/4.8.4/armv7-m/crtn.o
                0x0008445c                . = ALIGN (0x4)
                0x0008445c                __fini_array_start = .
 *(.fini_array)
 .fini_array    0x0008445c        0x4 c:/program files/atmel/atmel toolchain/arm gcc/native/4.8.1443/arm-gnu-toolchain/bin/../lib/gcc/arm-none-eabi/4.8.4/armv7-m/crtbegin.o
 *(SORT(.fini_array.*))
                0x00084460                __fini_array_end = .
 *crtbegin.o(.dtors)
 *(EXCLUDE_FILE(*crtend.o) .dtors)
 *(SORT(.dtors.*))
 *crtend.o(.dtors)
                0x00084460                . = ALIGN (0x4)
                0x00084460                _efixed = .
                0x00084460                PROVIDE (__exidx_start, .)

.vfp11_veneer   0x00084460        0x0
 .vfp11_veneer  0x00000000        0x0 linker stubs

.v4_bx          0x00084460        0x0
 .v4_bx         0x00000000        0x0 linker stubs

.iplt           0x00084460        0x0
 .iplt          0x00000000        0x0 c:/program files/atmel/atmel toolchain/arm gcc/native/4.8.1443/arm-gnu-toolchain/bin/../lib/gcc/arm-none-eabi/4.8.4/armv7-m/crtbegin.o

.ARM.exidx      0x00084460        0x8
 *(.ARM.exidx* .gnu.linkonce.armexidx.*)
 .ARM.exidx     0x00084460        0x8 c:/program files/atmel/atmel toolchain/arm gcc/native/4.8.1443/arm-gnu-toolchain/bin/../lib/gcc/arm-none-eabi/4.8.4/armv7-m\libgcc.a(_divdi3.o)
 .ARM.exidx     0x00084468        0x0 c:/program files/atmel/atmel toolchain/arm gcc/native/4.8.1443/arm-gnu-toolchain/bin/../lib/gcc/arm-none-eabi/4.8.4/armv7-m\libgcc.a(_udivdi3.o)
                                  0x8 (size before relaxing)
                0x00084468                PROVIDE (__exidx_end, .)

.eh_frame       0x00084468        0x0
 .eh_frame      0x00084468        0x0 c:/program files/atmel/atmel toolchain/arm gcc/native/4.8.1443/arm-gnu-toolchain/bin/../lib/gcc/arm-none-eabi/4.8.4/armv7-m/crtbegin.o

.rel.dyn        0x00084468        0x0
 .rel.iplt      0x00000000        0x0 c:/program files/atmel/atmel toolchain/arm gcc/native/4.8.1443/arm-gnu-toolchain/bin/../lib/gcc/arm-none-eabi/4.8.4/armv7-m/crtbegin.o

.jcr            0x00084468        0x0
 .jcr           0x00084468        0x0 c:/program files/atmel/atmel toolchain/arm gcc/native/4.8.1443/arm-gnu-toolchain/bin/../lib/gcc/arm-none-eabi/4.8.4/armv7-m/crtbegin.o

.igot.plt       0x00084468        0x0
 .igot.plt      0x00000000        0x0 c:/program files/atmel/atmel toolchain/arm gcc/native/4.8.1443/arm-gnu-toolchain/bin/../lib/gcc/arm-none-eabi/4.8.4/armv7-m/crtbegin.o
                0x00084468                . = ALIGN (0x4)
                0x00084468                _etext = .

.relocate       0x20070000      0x994 load address 0x00084468
                0x20070000                . = ALIGN (0x4)
                0x20070000                _srelocate = .
 *(.ramfunc .ramfunc.*)
 .ramfunc       0x20070000      0x12c src/ASF/sam/utils/cmsis/sam3x/source/templates/system_sam3x.o
                0x20070000                SystemInit
                0x200700a4                system_init_flash
 *(.data .data.*)
 .data.SystemCoreClock
                0x2007012c        0x4 src/ASF/sam/utils/cmsis/sam3x/source/templates/system_sam3x.o
                0x2007012c                SystemCoreClock
 .data.impure_data
                0x20070130      0x428 c:/program files/atmel/atmel toolchain/arm gcc/native/4.8.1443/arm-gnu-toolchain/bin/../lib/gcc/arm-none-eabi/4.8.4/../../../../arm-none-eabi/lib/armv7-m\libc.a(lib_a-impure.o)
 .data._impure_ptr
                0x20070558        0x4 c:/program files/atmel/atmel toolchain/arm gcc/native/4.8.1443/arm-gnu-toolchain/bin/../lib/gcc/arm-none-eabi/4.8.4/../../../../arm-none-eabi/lib/armv7-m\libc.a(lib_a-impure.o)
                0x20070558                _impure_ptr
 .data.lc_ctype_charset
                0x2007055c       0x20 c:/program files/atmel/atmel toolchain/arm gcc/native/4.8.1443/arm-gnu-toolchain/bin/../lib/gcc/arm-none-eabi/4.8.4/../../../../arm-none-eabi/lib/armv7-m\libc.a(lib_a-locale.o)
 .data.__mb_cur_max
                0x2007057c        0x4 c:/program files/atmel/atmel toolchain/arm gcc/native/4.8.1443/arm-gnu-toolchain/bin/../lib/gcc/arm-none-eabi/4.8.4/../../../../arm-none-eabi/lib/armv7-m\libc.a(lib_a-locale.o)
                0x2007057c                __mb_cur_max
 .data.__malloc_av_
                0x20070580      0x408 c:/program files/atmel/atmel toolchain/arm gcc/native/4.8.1443/arm-gnu-toolchain/bin/../lib/gcc/arm-none-eabi/4.8.4/../../../../arm-none-eabi/lib/armv7-m\libc.a(lib_a-mallocr.o)
                0x20070580                __malloc_av_
 .data.__malloc_trim_threshold
                0x20070988        0x4 c:/program files/atmel/atmel toolchain/arm gcc/native/4.8.1443/arm-gnu-toolchain/bin/../lib/gcc/arm-none-eabi/4.8.4/../../../../arm-none-eabi/lib/armv7-m\libc.a(lib_a-mallocr.o)
                0x20070988                __malloc_trim_threshold
 .data.__malloc_sbrk_base
                0x2007098c        0x4 c:/program files/atmel/atmel toolchain/arm gcc/native/4.8.1443/arm-gnu-toolchain/bin/../lib/gcc/arm-none-eabi/4.8.4/../../../../arm-none-eabi/lib/armv7-m\libc.a(lib_a-mallocr.o)
                0x2007098c                __malloc_sbrk_base
 .data.__wctomb
                0x20070990        0x4 c:/program files/atmel/atmel toolchain/arm gcc/native/4.8.1443/arm-gnu-toolchain/bin/../lib/gcc/arm-none-eabi/4.8.4/../../../../arm-none-eabi/lib/armv7-m\libc.a(lib_a-wctomb_r.o)
                0x20070990                __wctomb
                0x20070994                . = ALIGN (0x4)
                0x20070994                _erelocate = .

.bss            0x20070994       0xe0 load address 0x00084dfc
                0x20070994                . = ALIGN (0x4)
                0x20070994                _sbss = .
                0x20070994                _szero = .
 *(.bss .bss.*)
 .bss           0x20070994       0x1c c:/program files/atmel/atmel toolchain/arm gcc/native/4.8.1443/arm-gnu-toolchain/bin/../lib/gcc/arm-none-eabi/4.8.4/armv7-m/crtbegin.o
 .bss.gs_interrupt_sources
                0x200709b0       0x70 src/ASF/sam/drivers/pio/pio_handler.o
 .bss.ul_reg_val.7190
                0x20070a20        0x4 src/ASF/sam/drivers/usart/usart.o
 .bss.heap.5098
                0x20070a24        0x4 src/ASF/sam/utils/syscalls/gcc/syscalls.o
 .bss.sinelut_index
                0x20070a28        0x4 src/main.o
                0x20070a28                sinelut_index
 .bss.us_timestamp
                0x20070a2c        0x4 src/main.o
                0x20070a2c                us_timestamp
 .bss.__malloc_max_total_mem
                0x20070a30        0x4 c:/program files/atmel/atmel toolchain/arm gcc/native/4.8.1443/arm-gnu-toolchain/bin/../lib/gcc/arm-none-eabi/4.8.4/../../../../arm-none-eabi/lib/armv7-m\libc.a(lib_a-mallocr.o)
                0x20070a30                __malloc_max_total_mem
 .bss.__malloc_max_sbrked_mem
                0x20070a34        0x4 c:/program files/atmel/atmel toolchain/arm gcc/native/4.8.1443/arm-gnu-toolchain/bin/../lib/gcc/arm-none-eabi/4.8.4/../../../../arm-none-eabi/lib/armv7-m\libc.a(lib_a-mallocr.o)
                0x20070a34                __malloc_max_sbrked_mem
 .bss.__malloc_top_pad
                0x20070a38        0x4 c:/program files/atmel/atmel toolchain/arm gcc/native/4.8.1443/arm-gnu-toolchain/bin/../lib/gcc/arm-none-eabi/4.8.4/../../../../arm-none-eabi/lib/armv7-m\libc.a(lib_a-mallocr.o)
                0x20070a38                __malloc_top_pad
 .bss.__malloc_current_mallinfo
                0x20070a3c       0x28 c:/program files/atmel/atmel toolchain/arm gcc/native/4.8.1443/arm-gnu-toolchain/bin/../lib/gcc/arm-none-eabi/4.8.4/../../../../arm-none-eabi/lib/armv7-m\libc.a(lib_a-mallocr.o)
                0x20070a3c                __malloc_current_mallinfo
 *(COMMON)
 COMMON         0x20070a64        0x4 src/ASF/common/utils/stdio/read.o
                0x20070a64                ptr_get
 COMMON         0x20070a68        0x8 src/ASF/common/utils/stdio/write.o
                0x20070a68                ptr_put
                0x20070a6c                stdio_base
 COMMON         0x20070a70        0x4 c:/program files/atmel/atmel toolchain/arm gcc/native/4.8.1443/arm-gnu-toolchain/bin/../lib/gcc/arm-none-eabi/4.8.4/../../../../arm-none-eabi/lib/armv7-m\libc.a(lib_a-reent.o)
                0x20070a70                errno
                0x20070a74                . = ALIGN (0x4)
                0x20070a74                _ebss = .
                0x20070a74                _ezero = .

.stack          0x20070a74     0x2004 load address 0x00084edc
                0x20070a78                . = ALIGN (0x8)
 *fill*         0x20070a74        0x4 
                0x20070a78                _sstack = .
                0x20072a78                . = (. + __stack_size__)
 *fill*         0x20070a78     0x2000 
                0x20072a78                . = ALIGN (0x8)
                0x20072a78                _estack = .
                0x20072a78                . = ALIGN (0x4)
                0x20072a78                _end = .
OUTPUT(due_pmu.elf elf32-littlearm)

.ARM.attributes
                0x00000000       0x29
 .ARM.attributes
                0x00000000       0x1d c:/program files/atmel/atmel toolchain/arm gcc/native/4.8.1443/arm-gnu-toolchain/bin/../lib/gcc/arm-none-eabi/4.8.4/armv7-m/crti.o
 .ARM.attributes
                0x0000001d       0x2d c:/program files/atmel/atmel toolchain/arm gcc/native/4.8.1443/arm-gnu-toolchain/bin/../lib/gcc/arm-none-eabi/4.8.4/armv7-m/crtbegin.o
 .ARM.attributes
                0x0000004a       0x33 src/ASF/common/services/clock/sam3x/sysclk.o
 .ARM.attributes
                0x0000007d       0x33 src/ASF/common/utils/stdio/read.o
 .ARM.attributes
                0x000000b0       0x33 src/ASF/common/utils/stdio/write.o
 .ARM.attributes
                0x000000e3       0x33 src/ASF/sam/boards/arduino_due_x/init.o
 .ARM.attributes
                0x00000116       0x33 src/ASF/sam/drivers/pio/pio.o
 .ARM.attributes
                0x00000149       0x33 src/ASF/sam/drivers/pio/pio_handler.o
 .ARM.attributes
                0x0000017c       0x33 src/ASF/sam/drivers/pmc/pmc.o
 .ARM.attributes
                0x000001af       0x33 src/ASF/sam/drivers/uart/uart.o
 .ARM.attributes
                0x000001e2       0x33 src/ASF/sam/drivers/usart/usart.o
 .ARM.attributes
                0x00000215       0x33 src/ASF/sam/utils/cmsis/sam3x/source/templates/exceptions.o
 .ARM.attributes
                0x00000248       0x33 src/ASF/sam/utils/cmsis/sam3x/source/templates/gcc/startup_sam3x.o
 .ARM.attributes
                0x0000027b       0x33 src/ASF/sam/utils/cmsis/sam3x/source/templates/system_sam3x.o
 .ARM.attributes
                0x000002ae       0x33 src/ASF/sam/utils/syscalls/gcc/syscalls.o
 .ARM.attributes
                0x000002e1       0x33 src/main.o
 .ARM.attributes
                0x00000314       0x2d c:/program files/atmel/atmel toolchain/arm gcc/native/4.8.1443/arm-gnu-toolchain/bin/../lib/gcc/arm-none-eabi/4.8.4/../../../../arm-none-eabi/lib/armv7-m\libc.a(lib_a-impure.o)
 .ARM.attributes
                0x00000341       0x2d c:/program files/atmel/atmel toolchain/arm gcc/native/4.8.1443/arm-gnu-toolchain/bin/../lib/gcc/arm-none-eabi/4.8.4/../../../../arm-none-eabi/lib/armv7-m\libc.a(lib_a-init.o)
 .ARM.attributes
                0x0000036e       0x2d c:/program files/atmel/atmel toolchain/arm gcc/native/4.8.1443/arm-gnu-toolchain/bin/../lib/gcc/arm-none-eabi/4.8.4/../../../../arm-none-eabi/lib/armv7-m\libc.a(lib_a-iprintf.o)
 .ARM.attributes
                0x0000039b       0x2d c:/program files/atmel/atmel toolchain/arm gcc/native/4.8.1443/arm-gnu-toolchain/bin/../lib/gcc/arm-none-eabi/4.8.4/../../../../arm-none-eabi/lib/armv7-m\libc.a(lib_a-memset.o)
 .ARM.attributes
                0x000003c8       0x2d c:/program files/atmel/atmel toolchain/arm gcc/native/4.8.1443/arm-gnu-toolchain/bin/../lib/gcc/arm-none-eabi/4.8.4/../../../../arm-none-eabi/lib/armv7-m\libc.a(lib_a-setbuf.o)
 .ARM.attributes
                0x000003f5       0x2d c:/program files/atmel/atmel toolchain/arm gcc/native/4.8.1443/arm-gnu-toolchain/bin/../lib/gcc/arm-none-eabi/4.8.4/../../../../arm-none-eabi/lib/armv7-m\libc.a(lib_a-setvbuf.o)
 .ARM.attributes
                0x00000422       0x2d c:/program files/atmel/atmel toolchain/arm gcc/native/4.8.1443/arm-gnu-toolchain/bin/../lib/gcc/arm-none-eabi/4.8.4/../../../../arm-none-eabi/lib/armv7-m\libc.a(lib_a-strlen.o)
 .ARM.attributes
                0x0000044f       0x2d c:/program files/atmel/atmel toolchain/arm gcc/native/4.8.1443/arm-gnu-toolchain/bin/../lib/gcc/arm-none-eabi/4.8.4/../../../../arm-none-eabi/lib/armv7-m\libc.a(lib_a-vfiprintf.o)
 .ARM.attributes
                0x0000047c       0x2d c:/program files/atmel/atmel toolchain/arm gcc/native/4.8.1443/arm-gnu-toolchain/bin/../lib/gcc/arm-none-eabi/4.8.4/../../../../arm-none-eabi/lib/armv7-m\libc.a(lib_a-wsetup.o)
 .ARM.attributes
                0x000004a9       0x2d c:/program files/atmel/atmel toolchain/arm gcc/native/4.8.1443/arm-gnu-toolchain/bin/../lib/gcc/arm-none-eabi/4.8.4/../../../../arm-none-eabi/lib/armv7-m\libc.a(lib_a-__call_atexit.o)
 .ARM.attributes
                0x000004d6       0x2d c:/program files/atmel/atmel toolchain/arm gcc/native/4.8.1443/arm-gnu-toolchain/bin/../lib/gcc/arm-none-eabi/4.8.4/../../../../arm-none-eabi/lib/armv7-m\libc.a(lib_a-atexit.o)
 .ARM.attributes
                0x00000503       0x2d c:/program files/atmel/atmel toolchain/arm gcc/native/4.8.1443/arm-gnu-toolchain/bin/../lib/gcc/arm-none-eabi/4.8.4/../../../../arm-none-eabi/lib/armv7-m\libc.a(lib_a-fflush.o)
 .ARM.attributes
                0x00000530       0x2d c:/program files/atmel/atmel toolchain/arm gcc/native/4.8.1443/arm-gnu-toolchain/bin/../lib/gcc/arm-none-eabi/4.8.4/../../../../arm-none-eabi/lib/armv7-m\libc.a(lib_a-findfp.o)
 .ARM.attributes
                0x0000055d       0x2d c:/program files/atmel/atmel toolchain/arm gcc/native/4.8.1443/arm-gnu-toolchain/bin/../lib/gcc/arm-none-eabi/4.8.4/../../../../arm-none-eabi/lib/armv7-m\libc.a(lib_a-fini.o)
 .ARM.attributes
                0x0000058a       0x2d c:/program files/atmel/atmel toolchain/arm gcc/native/4.8.1443/arm-gnu-toolchain/bin/../lib/gcc/arm-none-eabi/4.8.4/../../../../arm-none-eabi/lib/armv7-m\libc.a(lib_a-fputwc.o)
 .ARM.attributes
                0x000005b7       0x2d c:/program files/atmel/atmel toolchain/arm gcc/native/4.8.1443/arm-gnu-toolchain/bin/../lib/gcc/arm-none-eabi/4.8.4/../../../../arm-none-eabi/lib/armv7-m\libc.a(lib_a-freer.o)
 .ARM.attributes
                0x000005e4       0x2d c:/program files/atmel/atmel toolchain/arm gcc/native/4.8.1443/arm-gnu-toolchain/bin/../lib/gcc/arm-none-eabi/4.8.4/../../../../arm-none-eabi/lib/armv7-m\libc.a(lib_a-fvwrite.o)
 .ARM.attributes
                0x00000611       0x2d c:/program files/atmel/atmel toolchain/arm gcc/native/4.8.1443/arm-gnu-toolchain/bin/../lib/gcc/arm-none-eabi/4.8.4/../../../../arm-none-eabi/lib/armv7-m\libc.a(lib_a-fwalk.o)
 .ARM.attributes
                0x0000063e       0x2d c:/program files/atmel/atmel toolchain/arm gcc/native/4.8.1443/arm-gnu-toolchain/bin/../lib/gcc/arm-none-eabi/4.8.4/../../../../arm-none-eabi/lib/armv7-m\libc.a(lib_a-locale.o)
 .ARM.attributes
                0x0000066b       0x2d c:/program files/atmel/atmel toolchain/arm gcc/native/4.8.1443/arm-gnu-toolchain/bin/../lib/gcc/arm-none-eabi/4.8.4/../../../../arm-none-eabi/lib/armv7-m\libc.a(lib_a-makebuf.o)
 .ARM.attributes
                0x00000698       0x2d c:/program files/atmel/atmel toolchain/arm gcc/native/4.8.1443/arm-gnu-toolchain/bin/../lib/gcc/arm-none-eabi/4.8.4/../../../../arm-none-eabi/lib/armv7-m\libc.a(lib_a-malloc.o)
 .ARM.attributes
                0x000006c5       0x2d c:/program files/atmel/atmel toolchain/arm gcc/native/4.8.1443/arm-gnu-toolchain/bin/../lib/gcc/arm-none-eabi/4.8.4/../../../../arm-none-eabi/lib/armv7-m\libc.a(lib_a-mallocr.o)
 .ARM.attributes
                0x000006f2       0x2d c:/program files/atmel/atmel toolchain/arm gcc/native/4.8.1443/arm-gnu-toolchain/bin/../lib/gcc/arm-none-eabi/4.8.4/../../../../arm-none-eabi/lib/armv7-m\libc.a(lib_a-memchr-stub.o)
 .ARM.attributes
                0x0000071f       0x1b c:/program files/atmel/atmel toolchain/arm gcc/native/4.8.1443/arm-gnu-toolchain/bin/../lib/gcc/arm-none-eabi/4.8.4/../../../../arm-none-eabi/lib/armv7-m\libc.a(lib_a-memcpy.o)
 .ARM.attributes
                0x0000073a       0x2d c:/program files/atmel/atmel toolchain/arm gcc/native/4.8.1443/arm-gnu-toolchain/bin/../lib/gcc/arm-none-eabi/4.8.4/../../../../arm-none-eabi/lib/armv7-m\libc.a(lib_a-memmove.o)
 .ARM.attributes
                0x00000767       0x2d c:/program files/atmel/atmel toolchain/arm gcc/native/4.8.1443/arm-gnu-toolchain/bin/../lib/gcc/arm-none-eabi/4.8.4/../../../../arm-none-eabi/lib/armv7-m\libc.a(lib_a-mlock.o)
 .ARM.attributes
                0x00000794       0x2d c:/program files/atmel/atmel toolchain/arm gcc/native/4.8.1443/arm-gnu-toolchain/bin/../lib/gcc/arm-none-eabi/4.8.4/../../../../arm-none-eabi/lib/armv7-m\libc.a(lib_a-reallocr.o)
 .ARM.attributes
                0x000007c1       0x2d c:/program files/atmel/atmel toolchain/arm gcc/native/4.8.1443/arm-gnu-toolchain/bin/../lib/gcc/arm-none-eabi/4.8.4/../../../../arm-none-eabi/lib/armv7-m\libc.a(lib_a-sbrkr.o)
 .ARM.attributes
                0x000007ee       0x2d c:/program files/atmel/atmel toolchain/arm gcc/native/4.8.1443/arm-gnu-toolchain/bin/../lib/gcc/arm-none-eabi/4.8.4/../../../../arm-none-eabi/lib/armv7-m\libc.a(lib_a-stdio.o)
 .ARM.attributes
                0x0000081b       0x2d c:/program files/atmel/atmel toolchain/arm gcc/native/4.8.1443/arm-gnu-toolchain/bin/../lib/gcc/arm-none-eabi/4.8.4/../../../../arm-none-eabi/lib/armv7-m\libc.a(lib_a-wbuf.o)
 .ARM.attributes
                0x00000848       0x2d c:/program files/atmel/atmel toolchain/arm gcc/native/4.8.1443/arm-gnu-toolchain/bin/../lib/gcc/arm-none-eabi/4.8.4/../../../../arm-none-eabi/lib/armv7-m\libc.a(lib_a-wcrtomb.o)
 .ARM.attributes
                0x00000875       0x2d c:/program files/atmel/atmel toolchain/arm gcc/native/4.8.1443/arm-gnu-toolchain/bin/../lib/gcc/arm-none-eabi/4.8.4/../../../../arm-none-eabi/lib/armv7-m\libc.a(lib_a-wctomb_r.o)
 .ARM.attributes
                0x000008a2       0x2d c:/program files/atmel/atmel toolchain/arm gcc/native/4.8.1443/arm-gnu-toolchain/bin/../lib/gcc/arm-none-eabi/4.8.4/../../../../arm-none-eabi/lib/armv7-m\libc.a(lib_a-writer.o)
 .ARM.attributes
                0x000008cf       0x2d c:/program files/atmel/atmel toolchain/arm gcc/native/4.8.1443/arm-gnu-toolchain/bin/../lib/gcc/arm-none-eabi/4.8.4/../../../../arm-none-eabi/lib/armv7-m\libc.a(lib_a-__atexit.o)
 .ARM.attributes
                0x000008fc       0x2d c:/program files/atmel/atmel toolchain/arm gcc/native/4.8.1443/arm-gnu-toolchain/bin/../lib/gcc/arm-none-eabi/4.8.4/../../../../arm-none-eabi/lib/armv7-m\libc.a(lib_a-closer.o)
 .ARM.attributes
                0x00000929       0x2d c:/program files/atmel/atmel toolchain/arm gcc/native/4.8.1443/arm-gnu-toolchain/bin/../lib/gcc/arm-none-eabi/4.8.4/../../../../arm-none-eabi/lib/armv7-m\libc.a(lib_a-fclose.o)
 .ARM.attributes
                0x00000956       0x2d c:/program files/atmel/atmel toolchain/arm gcc/native/4.8.1443/arm-gnu-toolchain/bin/../lib/gcc/arm-none-eabi/4.8.4/../../../../arm-none-eabi/lib/armv7-m\libc.a(lib_a-fstatr.o)
 .ARM.attributes
                0x00000983       0x2d c:/program files/atmel/atmel toolchain/arm gcc/native/4.8.1443/arm-gnu-toolchain/bin/../lib/gcc/arm-none-eabi/4.8.4/../../../../arm-none-eabi/lib/armv7-m\libc.a(lib_a-isattyr.o)
 .ARM.attributes
                0x000009b0       0x2d c:/program files/atmel/atmel toolchain/arm gcc/native/4.8.1443/arm-gnu-toolchain/bin/../lib/gcc/arm-none-eabi/4.8.4/../../../../arm-none-eabi/lib/armv7-m\libc.a(lib_a-lseekr.o)
 .ARM.attributes
                0x000009dd       0x2d c:/program files/atmel/atmel toolchain/arm gcc/native/4.8.1443/arm-gnu-toolchain/bin/../lib/gcc/arm-none-eabi/4.8.4/../../../../arm-none-eabi/lib/armv7-m\libc.a(lib_a-readr.o)
 .ARM.attributes
                0x00000a0a       0x2d c:/program files/atmel/atmel toolchain/arm gcc/native/4.8.1443/arm-gnu-toolchain/bin/../lib/gcc/arm-none-eabi/4.8.4/../../../../arm-none-eabi/lib/armv7-m\libc.a(lib_a-reent.o)
 .ARM.attributes
                0x00000a37       0x1d c:/program files/atmel/atmel toolchain/arm gcc/native/4.8.1443/arm-gnu-toolchain/bin/../lib/gcc/arm-none-eabi/4.8.4/armv7-m\libgcc.a(_aeabi_uldivmod.o)
 .ARM.attributes
                0x00000a54       0x2d c:/program files/atmel/atmel toolchain/arm gcc/native/4.8.1443/arm-gnu-toolchain/bin/../lib/gcc/arm-none-eabi/4.8.4/armv7-m\libgcc.a(bpabi.o)
 .ARM.attributes
                0x00000a81       0x1d c:/program files/atmel/atmel toolchain/arm gcc/native/4.8.1443/arm-gnu-toolchain/bin/../lib/gcc/arm-none-eabi/4.8.4/armv7-m\libgcc.a(_dvmd_tls.o)
 .ARM.attributes
                0x00000a9e       0x2d c:/program files/atmel/atmel toolchain/arm gcc/native/4.8.1443/arm-gnu-toolchain/bin/../lib/gcc/arm-none-eabi/4.8.4/armv7-m\libgcc.a(_divdi3.o)
 .ARM.attributes
                0x00000acb       0x2d c:/program files/atmel/atmel toolchain/arm gcc/native/4.8.1443/arm-gnu-toolchain/bin/../lib/gcc/arm-none-eabi/4.8.4/armv7-m\libgcc.a(_udivdi3.o)
 .ARM.attributes
                0x00000af8       0x1d c:/program files/atmel/atmel toolchain/arm gcc/native/4.8.1443/arm-gnu-toolchain/bin/../lib/gcc/arm-none-eabi/4.8.4/armv7-m/crtn.o

.comment        0x00000000       0x5b
 .comment       0x00000000       0x5b src/ASF/common/services/clock/sam3x/sysclk.o
                                 0x5c (size before relaxing)
 .comment       0x00000000       0x5c src/ASF/common/utils/stdio/read.o
 .comment       0x00000000       0x5c src/ASF/common/utils/stdio/write.o
 .comment       0x00000000       0x5c src/ASF/sam/boards/arduino_due_x/init.o
 .comment       0x00000000       0x5c src/ASF/sam/drivers/pio/pio.o
 .comment       0x00000000       0x5c src/ASF/sam/drivers/pio/pio_handler.o
 .comment       0x00000000       0x5c src/ASF/sam/drivers/pmc/pmc.o
 .comment       0x00000000       0x5c src/ASF/sam/drivers/uart/uart.o
 .comment       0x00000000       0x5c src/ASF/sam/drivers/usart/usart.o
 .comment       0x00000000       0x5c src/ASF/sam/utils/cmsis/sam3x/source/templates/exceptions.o
 .comment       0x00000000       0x5c src/ASF/sam/utils/cmsis/sam3x/source/templates/gcc/startup_sam3x.o
 .comment       0x00000000       0x5c src/ASF/sam/utils/cmsis/sam3x/source/templates/system_sam3x.o
 .comment       0x00000000       0x5c src/ASF/sam/utils/syscalls/gcc/syscalls.o
 .comment       0x00000000       0x5c src/main.o

.debug_info     0x00000000     0x9a92
 .debug_info    0x00000000      0x742 src/ASF/common/services/clock/sam3x/sysclk.o
 .debug_info    0x00000742      0x1bb src/ASF/common/utils/stdio/read.o
 .debug_info    0x000008fd      0x1c0 src/ASF/common/utils/stdio/write.o
 .debug_info    0x00000abd      0x347 src/ASF/sam/boards/arduino_due_x/init.o
 .debug_info    0x00000e04     0x134b src/ASF/sam/drivers/pio/pio.o
 .debug_info    0x0000214f      0xe52 src/ASF/sam/drivers/pio/pio_handler.o
 .debug_info    0x00002fa1     0x1080 src/ASF/sam/drivers/pmc/pmc.o
 .debug_info    0x00004021      0x889 src/ASF/sam/drivers/uart/uart.o
 .debug_info    0x000048aa     0x1bfa src/ASF/sam/drivers/usart/usart.o
 .debug_info    0x000064a4      0x124 src/ASF/sam/utils/cmsis/sam3x/source/templates/exceptions.o
 .debug_info    0x000065c8      0x3bd src/ASF/sam/utils/cmsis/sam3x/source/templates/gcc/startup_sam3x.o
 .debug_info    0x00006985      0x4c6 src/ASF/sam/utils/cmsis/sam3x/source/templates/system_sam3x.o
 .debug_info    0x00006e4b      0x43f src/ASF/sam/utils/syscalls/gcc/syscalls.o
 .debug_info    0x0000728a     0x2808 src/main.o

.debug_abbrev   0x00000000     0x1a23
 .debug_abbrev  0x00000000      0x227 src/ASF/common/services/clock/sam3x/sysclk.o
 .debug_abbrev  0x00000227      0x101 src/ASF/common/utils/stdio/read.o
 .debug_abbrev  0x00000328       0xf5 src/ASF/common/utils/stdio/write.o
 .debug_abbrev  0x0000041d      0x152 src/ASF/sam/boards/arduino_due_x/init.o
 .debug_abbrev  0x0000056f      0x2d5 src/ASF/sam/drivers/pio/pio.o
 .debug_abbrev  0x00000844      0x257 src/ASF/sam/drivers/pio/pio_handler.o
 .debug_abbrev  0x00000a9b      0x268 src/ASF/sam/drivers/pmc/pmc.o
 .debug_abbrev  0x00000d03      0x1bd src/ASF/sam/drivers/uart/uart.o
 .debug_abbrev  0x00000ec0      0x2dc src/ASF/sam/drivers/usart/usart.o
 .debug_abbrev  0x0000119c       0x8c src/ASF/sam/utils/cmsis/sam3x/source/templates/exceptions.o
 .debug_abbrev  0x00001228      0x118 src/ASF/sam/utils/cmsis/sam3x/source/templates/gcc/startup_sam3x.o
 .debug_abbrev  0x00001340      0x115 src/ASF/sam/utils/cmsis/sam3x/source/templates/system_sam3x.o
 .debug_abbrev  0x00001455      0x14e src/ASF/sam/utils/syscalls/gcc/syscalls.o
 .debug_abbrev  0x000015a3      0x480 src/main.o

.debug_loc      0x00000000     0x3a22
 .debug_loc     0x00000000       0xed src/ASF/common/services/clock/sam3x/sysclk.o
 .debug_loc     0x000000ed       0xc5 src/ASF/common/utils/stdio/read.o
 .debug_loc     0x000001b2      0x161 src/ASF/common/utils/stdio/write.o
 .debug_loc     0x00000313       0x20 src/ASF/sam/boards/arduino_due_x/init.o
 .debug_loc     0x00000333      0xaa5 src/ASF/sam/drivers/pio/pio.o
 .debug_loc     0x00000dd8      0x53d src/ASF/sam/drivers/pio/pio_handler.o
 .debug_loc     0x00001315      0xc95 src/ASF/sam/drivers/pmc/pmc.o
 .debug_loc     0x00001faa      0x236 src/ASF/sam/drivers/uart/uart.o
 .debug_loc     0x000021e0     0x128d src/ASF/sam/drivers/usart/usart.o
 .debug_loc     0x0000346d       0x7e src/ASF/sam/utils/cmsis/sam3x/source/templates/gcc/startup_sam3x.o
 .debug_loc     0x000034eb      0x12b src/ASF/sam/utils/syscalls/gcc/syscalls.o
 .debug_loc     0x00003616      0x40c src/main.o

.debug_aranges  0x00000000      0x928
 .debug_aranges
                0x00000000       0x30 src/ASF/common/services/clock/sam3x/sysclk.o
 .debug_aranges
                0x00000030       0x20 src/ASF/common/utils/stdio/read.o
 .debug_aranges
                0x00000050       0x20 src/ASF/common/utils/stdio/write.o
 .debug_aranges
                0x00000070       0x20 src/ASF/sam/boards/arduino_due_x/init.o
 .debug_aranges
                0x00000090      0x148 src/ASF/sam/drivers/pio/pio.o
 .debug_aranges
                0x000001d8       0x58 src/ASF/sam/drivers/pio/pio_handler.o
 .debug_aranges
                0x00000230      0x200 src/ASF/sam/drivers/pmc/pmc.o
 .debug_aranges
                0x00000430       0xe8 src/ASF/sam/drivers/uart/uart.o
 .debug_aranges
                0x00000518      0x2a8 src/ASF/sam/drivers/usart/usart.o
 .debug_aranges
                0x000007c0       0x20 src/ASF/sam/utils/cmsis/sam3x/source/templates/exceptions.o
 .debug_aranges
                0x000007e0       0x20 src/ASF/sam/utils/cmsis/sam3x/source/templates/gcc/startup_sam3x.o
 .debug_aranges
                0x00000800       0x30 src/ASF/sam/utils/cmsis/sam3x/source/templates/system_sam3x.o
 .debug_aranges
                0x00000830       0x60 src/ASF/sam/utils/syscalls/gcc/syscalls.o
 .debug_aranges
                0x00000890       0x98 src/main.o

.debug_ranges   0x00000000      0x848
 .debug_ranges  0x00000000       0x20 src/ASF/common/services/clock/sam3x/sysclk.o
 .debug_ranges  0x00000020       0x10 src/ASF/common/utils/stdio/read.o
 .debug_ranges  0x00000030       0x10 src/ASF/common/utils/stdio/write.o
 .debug_ranges  0x00000040       0x10 src/ASF/sam/boards/arduino_due_x/init.o
 .debug_ranges  0x00000050      0x138 src/ASF/sam/drivers/pio/pio.o
 .debug_ranges  0x00000188       0x48 src/ASF/sam/drivers/pio/pio_handler.o
 .debug_ranges  0x000001d0      0x1f0 src/ASF/sam/drivers/pmc/pmc.o
 .debug_ranges  0x000003c0       0xd8 src/ASF/sam/drivers/uart/uart.o
 .debug_ranges  0x00000498      0x298 src/ASF/sam/drivers/usart/usart.o
 .debug_ranges  0x00000730       0x10 src/ASF/sam/utils/cmsis/sam3x/source/templates/exceptions.o
 .debug_ranges  0x00000740       0x10 src/ASF/sam/utils/cmsis/sam3x/source/templates/gcc/startup_sam3x.o
 .debug_ranges  0x00000750       0x20 src/ASF/sam/utils/cmsis/sam3x/source/templates/system_sam3x.o
 .debug_ranges  0x00000770       0x50 src/ASF/sam/utils/syscalls/gcc/syscalls.o
 .debug_ranges  0x000007c0       0x88 src/main.o

.debug_macro    0x00000000    0x160db
 .debug_macro   0x00000000      0x527 src/ASF/common/services/clock/sam3x/sysclk.o
 .debug_macro   0x00000527      0x874 src/ASF/common/services/clock/sam3x/sysclk.o
 .debug_macro   0x00000d9b      0x4d1 src/ASF/common/services/clock/sam3x/sysclk.o
 .debug_macro   0x0000126c       0x28 src/ASF/common/services/clock/sam3x/sysclk.o
 .debug_macro   0x00001294      0x166 src/ASF/common/services/clock/sam3x/sysclk.o
 .debug_macro   0x000013fa       0x76 src/ASF/common/services/clock/sam3x/sysclk.o
 .debug_macro   0x00001470       0x16 src/ASF/common/services/clock/sam3x/sysclk.o
 .debug_macro   0x00001486      0x6e4 src/ASF/common/services/clock/sam3x/sysclk.o
 .debug_macro   0x00001b6a       0x16 src/ASF/common/services/clock/sam3x/sysclk.o
 .debug_macro   0x00001b80       0x44 src/ASF/common/services/clock/sam3x/sysclk.o
 .debug_macro   0x00001bc4      0x209 src/ASF/common/services/clock/sam3x/sysclk.o
 .debug_macro   0x00001dcd       0x20 src/ASF/common/services/clock/sam3x/sysclk.o
 .debug_macro   0x00001ded       0x3a src/ASF/common/services/clock/sam3x/sysclk.o
 .debug_macro   0x00001e27       0x18 src/ASF/common/services/clock/sam3x/sysclk.o
 .debug_macro   0x00001e3f      0xb09 src/ASF/common/services/clock/sam3x/sysclk.o
 .debug_macro   0x00002948      0xab6 src/ASF/common/services/clock/sam3x/sysclk.o
 .debug_macro   0x000033fe      0x569 src/ASF/common/services/clock/sam3x/sysclk.o
 .debug_macro   0x00003967      0x2b5 src/ASF/common/services/clock/sam3x/sysclk.o
 .debug_macro   0x00003c1c      0x31a src/ASF/common/services/clock/sam3x/sysclk.o
 .debug_macro   0x00003f36      0x74f src/ASF/common/services/clock/sam3x/sysclk.o
 .debug_macro   0x00004685       0x82 src/ASF/common/services/clock/sam3x/sysclk.o
 .debug_macro   0x00004707      0x57b src/ASF/common/services/clock/sam3x/sysclk.o
 .debug_macro   0x00004c82       0x1c src/ASF/common/services/clock/sam3x/sysclk.o
 .debug_macro   0x00004c9e      0x6b7 src/ASF/common/services/clock/sam3x/sysclk.o
 .debug_macro   0x00005355      0x52d src/ASF/common/services/clock/sam3x/sysclk.o
 .debug_macro   0x00005882       0xbe src/ASF/common/services/clock/sam3x/sysclk.o
 .debug_macro   0x00005940     0x2342 src/ASF/common/services/clock/sam3x/sysclk.o
 .debug_macro   0x00007c82      0x85d src/ASF/common/services/clock/sam3x/sysclk.o
 .debug_macro   0x000084df      0xdc9 src/ASF/common/services/clock/sam3x/sysclk.o
 .debug_macro   0x000092a8       0x7c src/ASF/common/services/clock/sam3x/sysclk.o
 .debug_macro   0x00009324      0x263 src/ASF/common/services/clock/sam3x/sysclk.o
 .debug_macro   0x00009587       0x58 src/ASF/common/services/clock/sam3x/sysclk.o
 .debug_macro   0x000095df      0x9a7 src/ASF/common/services/clock/sam3x/sysclk.o
 .debug_macro   0x00009f86      0x248 src/ASF/common/services/clock/sam3x/sysclk.o
 .debug_macro   0x0000a1ce      0x4df src/ASF/common/services/clock/sam3x/sysclk.o
 .debug_macro   0x0000a6ad      0x6b3 src/ASF/common/services/clock/sam3x/sysclk.o
 .debug_macro   0x0000ad60      0x59f src/ASF/common/services/clock/sam3x/sysclk.o
 .debug_macro   0x0000b2ff       0x46 src/ASF/common/services/clock/sam3x/sysclk.o
 .debug_macro   0x0000b345      0x34d src/ASF/common/services/clock/sam3x/sysclk.o
 .debug_macro   0x0000b692      0x28c src/ASF/common/services/clock/sam3x/sysclk.o
 .debug_macro   0x0000b91e     0x14d7 src/ASF/common/services/clock/sam3x/sysclk.o
 .debug_macro   0x0000cdf5      0x7ba src/ASF/common/services/clock/sam3x/sysclk.o
 .debug_macro   0x0000d5af       0x76 src/ASF/common/services/clock/sam3x/sysclk.o
 .debug_macro   0x0000d625       0x82 src/ASF/common/services/clock/sam3x/sysclk.o
 .debug_macro   0x0000d6a7       0x76 src/ASF/common/services/clock/sam3x/sysclk.o
 .debug_macro   0x0000d71d       0x4c src/ASF/common/services/clock/sam3x/sysclk.o
 .debug_macro   0x0000d769      0x105 src/ASF/common/services/clock/sam3x/sysclk.o
 .debug_macro   0x0000d86e      0x105 src/ASF/common/services/clock/sam3x/sysclk.o
 .debug_macro   0x0000d973      0x105 src/ASF/common/services/clock/sam3x/sysclk.o
 .debug_macro   0x0000da78       0x88 src/ASF/common/services/clock/sam3x/sysclk.o
 .debug_macro   0x0000db00       0x88 src/ASF/common/services/clock/sam3x/sysclk.o
 .debug_macro   0x0000db88      0x3b4 src/ASF/common/services/clock/sam3x/sysclk.o
 .debug_macro   0x0000df3c       0xb8 src/ASF/common/services/clock/sam3x/sysclk.o
 .debug_macro   0x0000dff4       0xb8 src/ASF/common/services/clock/sam3x/sysclk.o
 .debug_macro   0x0000e0ac       0xb8 src/ASF/common/services/clock/sam3x/sysclk.o
 .debug_macro   0x0000e164       0xb8 src/ASF/common/services/clock/sam3x/sysclk.o
 .debug_macro   0x0000e21c      0x2b8 src/ASF/common/services/clock/sam3x/sysclk.o
 .debug_macro   0x0000e4d4      0x125 src/ASF/common/services/clock/sam3x/sysclk.o
 .debug_macro   0x0000e5f9      0x225 src/ASF/common/services/clock/sam3x/sysclk.o
 .debug_macro   0x0000e81e      0x225 src/ASF/common/services/clock/sam3x/sysclk.o
 .debug_macro   0x0000ea43       0x2e src/ASF/common/services/clock/sam3x/sysclk.o
 .debug_macro   0x0000ea71       0xac src/ASF/common/services/clock/sam3x/sysclk.o
 .debug_macro   0x0000eb1d      0x14d src/ASF/common/services/clock/sam3x/sysclk.o
 .debug_macro   0x0000ec6a       0x7c src/ASF/common/services/clock/sam3x/sysclk.o
 .debug_macro   0x0000ece6      0x205 src/ASF/common/services/clock/sam3x/sysclk.o
 .debug_macro   0x0000eeeb       0x64 src/ASF/common/services/clock/sam3x/sysclk.o
 .debug_macro   0x0000ef4f       0xa6 src/ASF/common/services/clock/sam3x/sysclk.o
 .debug_macro   0x0000eff5       0x7c src/ASF/common/services/clock/sam3x/sysclk.o
 .debug_macro   0x0000f071       0x16 src/ASF/common/services/clock/sam3x/sysclk.o
 .debug_macro   0x0000f087       0x22 src/ASF/common/services/clock/sam3x/sysclk.o
 .debug_macro   0x0000f0a9       0x22 src/ASF/common/services/clock/sam3x/sysclk.o
 .debug_macro   0x0000f0cb      0x115 src/ASF/common/services/clock/sam3x/sysclk.o
 .debug_macro   0x0000f1e0      0x115 src/ASF/common/services/clock/sam3x/sysclk.o
 .debug_macro   0x0000f2f5      0x115 src/ASF/common/services/clock/sam3x/sysclk.o
 .debug_macro   0x0000f40a      0x115 src/ASF/common/services/clock/sam3x/sysclk.o
 .debug_macro   0x0000f51f       0x1c src/ASF/common/services/clock/sam3x/sysclk.o
 .debug_macro   0x0000f53b       0x2e src/ASF/common/services/clock/sam3x/sysclk.o
 .debug_macro   0x0000f569       0x22 src/ASF/common/services/clock/sam3x/sysclk.o
 .debug_macro   0x0000f58b       0x1c src/ASF/common/services/clock/sam3x/sysclk.o
 .debug_macro   0x0000f5a7       0x58 src/ASF/common/services/clock/sam3x/sysclk.o
 .debug_macro   0x0000f5ff       0x10 src/ASF/common/services/clock/sam3x/sysclk.o
 .debug_macro   0x0000f60f      0x273 src/ASF/common/services/clock/sam3x/sysclk.o
 .debug_macro   0x0000f882      0xd43 src/ASF/common/services/clock/sam3x/sysclk.o
 .debug_macro   0x000105c5      0x131 src/ASF/common/services/clock/sam3x/sysclk.o
 .debug_macro   0x000106f6       0x58 src/ASF/common/services/clock/sam3x/sysclk.o
 .debug_macro   0x0001074e       0x35 src/ASF/common/services/clock/sam3x/sysclk.o
 .debug_macro   0x00010783       0xa3 src/ASF/common/services/clock/sam3x/sysclk.o
 .debug_macro   0x00010826       0x16 src/ASF/common/services/clock/sam3x/sysclk.o
 .debug_macro   0x0001083c       0x35 src/ASF/common/services/clock/sam3x/sysclk.o
 .debug_macro   0x00010871       0x10 src/ASF/common/services/clock/sam3x/sysclk.o
 .debug_macro   0x00010881       0x52 src/ASF/common/services/clock/sam3x/sysclk.o
 .debug_macro   0x000108d3       0x16 src/ASF/common/services/clock/sam3x/sysclk.o
 .debug_macro   0x000108e9       0x43 src/ASF/common/services/clock/sam3x/sysclk.o
 .debug_macro   0x0001092c      0x180 src/ASF/common/services/clock/sam3x/sysclk.o
 .debug_macro   0x00010aac       0x10 src/ASF/common/services/clock/sam3x/sysclk.o
 .debug_macro   0x00010abc       0x22 src/ASF/common/services/clock/sam3x/sysclk.o
 .debug_macro   0x00010ade       0xbd src/ASF/common/services/clock/sam3x/sysclk.o
 .debug_macro   0x00010b9b       0x16 src/ASF/common/services/clock/sam3x/sysclk.o
 .debug_macro   0x00010bb1      0x16c src/ASF/common/services/clock/sam3x/sysclk.o
 .debug_macro   0x00010d1d       0x22 src/ASF/common/services/clock/sam3x/sysclk.o
 .debug_macro   0x00010d3f       0x16 src/ASF/common/services/clock/sam3x/sysclk.o
 .debug_macro   0x00010d55       0x16 src/ASF/common/services/clock/sam3x/sysclk.o
 .debug_macro   0x00010d6b       0x29 src/ASF/common/services/clock/sam3x/sysclk.o
 .debug_macro   0x00010d94       0x6e src/ASF/common/services/clock/sam3x/sysclk.o
 .debug_macro   0x00010e02       0x45 src/ASF/common/services/clock/sam3x/sysclk.o
 .debug_macro   0x00010e47      0x3c3 src/ASF/common/services/clock/sam3x/sysclk.o
 .debug_macro   0x0001120a      0x242 src/ASF/common/services/clock/sam3x/sysclk.o
 .debug_macro   0x0001144c      0x790 src/ASF/common/services/clock/sam3x/sysclk.o
 .debug_macro   0x00011bdc       0x5e src/ASF/common/services/clock/sam3x/sysclk.o
 .debug_macro   0x00011c3a       0x64 src/ASF/common/services/clock/sam3x/sysclk.o
 .debug_macro   0x00011c9e       0x5f src/ASF/common/services/clock/sam3x/sysclk.o
 .debug_macro   0x00011cfd       0x90 src/ASF/common/services/clock/sam3x/sysclk.o
 .debug_macro   0x00011d8d      0x4a7 src/ASF/common/utils/stdio/read.o
 .debug_macro   0x00012234      0x4a7 src/ASF/common/utils/stdio/write.o
 .debug_macro   0x000126db      0x567 src/ASF/sam/boards/arduino_due_x/init.o
 .debug_macro   0x00012c42       0x94 src/ASF/sam/boards/arduino_due_x/init.o
 .debug_macro   0x00012cd6       0x40 src/ASF/sam/boards/arduino_due_x/init.o
 .debug_macro   0x00012d16       0x6a src/ASF/sam/boards/arduino_due_x/init.o
 .debug_macro   0x00012d80      0x4c2 src/ASF/sam/drivers/pio/pio.o
 .debug_macro   0x00013242       0x8e src/ASF/sam/drivers/pio/pio.o
 .debug_macro   0x000132d0      0x4c6 src/ASF/sam/drivers/pio/pio_handler.o
 .debug_macro   0x00013796      0x4bc src/ASF/sam/drivers/pmc/pmc.o
 .debug_macro   0x00013c52       0x58 src/ASF/sam/drivers/pmc/pmc.o
 .debug_macro   0x00013caa      0x4b6 src/ASF/sam/drivers/uart/uart.o
 .debug_macro   0x00014160       0x16 src/ASF/sam/drivers/uart/uart.o
 .debug_macro   0x00014176      0x4f2 src/ASF/sam/drivers/usart/usart.o
 .debug_macro   0x00014668       0x28 src/ASF/sam/drivers/usart/usart.o
 .debug_macro   0x00014690      0x4bb src/ASF/sam/utils/cmsis/sam3x/source/templates/exceptions.o
 .debug_macro   0x00014b4b      0x4c9 src/ASF/sam/utils/cmsis/sam3x/source/templates/gcc/startup_sam3x.o
 .debug_macro   0x00015014      0x4c9 src/ASF/sam/utils/cmsis/sam3x/source/templates/system_sam3x.o
 .debug_macro   0x000154dd       0x26 src/ASF/sam/utils/cmsis/sam3x/source/templates/system_sam3x.o
 .debug_macro   0x00015503      0x129 src/ASF/sam/utils/syscalls/gcc/syscalls.o
 .debug_macro   0x0001562c       0x97 src/ASF/sam/utils/syscalls/gcc/syscalls.o
 .debug_macro   0x000156c3       0xef src/ASF/sam/utils/syscalls/gcc/syscalls.o
 .debug_macro   0x000157b2       0x52 src/ASF/sam/utils/syscalls/gcc/syscalls.o
 .debug_macro   0x00015804       0x16 src/ASF/sam/utils/syscalls/gcc/syscalls.o
 .debug_macro   0x0001581a       0x10 src/ASF/sam/utils/syscalls/gcc/syscalls.o
 .debug_macro   0x0001582a       0x41 src/ASF/sam/utils/syscalls/gcc/syscalls.o
 .debug_macro   0x0001586b      0x120 src/ASF/sam/utils/syscalls/gcc/syscalls.o
 .debug_macro   0x0001598b      0x695 src/main.o
 .debug_macro   0x00016020       0x28 src/main.o
 .debug_macro   0x00016048       0x23 src/main.o
 .debug_macro   0x0001606b       0x70 src/main.o

.debug_line     0x00000000     0xab84
 .debug_line    0x00000000      0xc0a src/ASF/common/services/clock/sam3x/sysclk.o
 .debug_line    0x00000c0a      0xac1 src/ASF/common/utils/stdio/read.o
 .debug_line    0x000016cb      0xab7 src/ASF/common/utils/stdio/write.o
 .debug_line    0x00002182      0xcc1 src/ASF/sam/boards/arduino_due_x/init.o
 .debug_line    0x00002e43      0xe20 src/ASF/sam/drivers/pio/pio.o
 .debug_line    0x00003c63      0xb75 src/ASF/sam/drivers/pio/pio_handler.o
 .debug_line    0x000047d8     0x102d src/ASF/sam/drivers/pmc/pmc.o
 .debug_line    0x00005805      0xc77 src/ASF/sam/drivers/uart/uart.o
 .debug_line    0x0000647c     0x1192 src/ASF/sam/drivers/usart/usart.o
 .debug_line    0x0000760e      0xa9d src/ASF/sam/utils/cmsis/sam3x/source/templates/exceptions.o
 .debug_line    0x000080ab      0xaed src/ASF/sam/utils/cmsis/sam3x/source/templates/gcc/startup_sam3x.o
 .debug_line    0x00008b98      0xb0a src/ASF/sam/utils/cmsis/sam3x/source/templates/system_sam3x.o
 .debug_line    0x000096a2      0x383 src/ASF/sam/utils/syscalls/gcc/syscalls.o
 .debug_line    0x00009a25     0x115f src/main.o

.debug_str      0x00000000    0x60838
 .debug_str     0x00000000    0x5c5c5 src/ASF/common/services/clock/sam3x/sysclk.o
                              0x5c8f2 (size before relaxing)
 .debug_str     0x0005c5c5       0x3f src/ASF/common/utils/stdio/read.o
                              0x58b80 (size before relaxing)
 .debug_str     0x0005c604       0x2e src/ASF/common/utils/stdio/write.o
                              0x58b82 (size before relaxing)
 .debug_str     0x0005c632      0x893 src/ASF/sam/boards/arduino_due_x/init.o
                              0x5ceb5 (size before relaxing)
 .debug_str     0x0005cec5      0x5e3 src/ASF/sam/drivers/pio/pio.o
                              0x59525 (size before relaxing)
 .debug_str     0x0005d4a8      0x466 src/ASF/sam/drivers/pio/pio_handler.o
                              0x5956d (size before relaxing)
 .debug_str     0x0005d90e      0x691 src/ASF/sam/drivers/pmc/pmc.o
                              0x5959b (size before relaxing)
 .debug_str     0x0005df9f      0x3c6 src/ASF/sam/drivers/uart/uart.o
                              0x58f46 (size before relaxing)
 .debug_str     0x0005e365      0xb9d src/ASF/sam/drivers/usart/usart.o
                              0x597f7 (size before relaxing)
 .debug_str     0x0005ef02       0x4d src/ASF/sam/utils/cmsis/sam3x/source/templates/exceptions.o
                              0x58b9a (size before relaxing)
 .debug_str     0x0005ef4f       0xb2 src/ASF/sam/utils/cmsis/sam3x/source/templates/gcc/startup_sam3x.o
                              0x58c6f (size before relaxing)
 .debug_str     0x0005f001      0x1cd src/ASF/sam/utils/cmsis/sam3x/source/templates/system_sam3x.o
                              0x58e82 (size before relaxing)
 .debug_str     0x0005f1ce      0x74f src/ASF/sam/utils/syscalls/gcc/syscalls.o
                               0x4f14 (size before relaxing)
 .debug_str     0x0005f91d      0xf1b src/main.o
                              0x5e799 (size before relaxing)

.debug_frame    0x00000000     0x1df0
 .debug_frame   0x00000000       0x58 src/ASF/common/services/clock/sam3x/sysclk.o
 .debug_frame   0x00000058       0x30 src/ASF/common/utils/stdio/read.o
 .debug_frame   0x00000088       0x30 src/ASF/common/utils/stdio/write.o
 .debug_frame   0x000000b8       0x28 src/ASF/sam/boards/arduino_due_x/init.o
 .debug_frame   0x000000e0      0x2a4 src/ASF/sam/drivers/pio/pio.o
 .debug_frame   0x00000384       0xf8 src/ASF/sam/drivers/pio/pio_handler.o
 .debug_frame   0x0000047c      0x410 src/ASF/sam/drivers/pmc/pmc.o
 .debug_frame   0x0000088c      0x1b8 src/ASF/sam/drivers/uart/uart.o
 .debug_frame   0x00000a44      0x5c8 src/ASF/sam/drivers/usart/usart.o
 .debug_frame   0x0000100c       0x20 src/ASF/sam/utils/cmsis/sam3x/source/templates/exceptions.o
 .debug_frame   0x0000102c       0x28 src/ASF/sam/utils/cmsis/sam3x/source/templates/gcc/startup_sam3x.o
 .debug_frame   0x00001054       0x40 src/ASF/sam/utils/cmsis/sam3x/source/templates/system_sam3x.o
 .debug_frame   0x00001094       0xa8 src/ASF/sam/utils/syscalls/gcc/syscalls.o
 .debug_frame   0x0000113c      0x18c src/main.o
 .debug_frame   0x000012c8       0x2c c:/program files/atmel/atmel toolchain/arm gcc/native/4.8.1443/arm-gnu-toolchain/bin/../lib/gcc/arm-none-eabi/4.8.4/../../../../arm-none-eabi/lib/armv7-m\libc.a(lib_a-init.o)
 .debug_frame   0x000012f4       0x5c c:/program files/atmel/atmel toolchain/arm gcc/native/4.8.1443/arm-gnu-toolchain/bin/../lib/gcc/arm-none-eabi/4.8.4/../../../../arm-none-eabi/lib/armv7-m\libc.a(lib_a-iprintf.o)
 .debug_frame   0x00001350       0x2c c:/program files/atmel/atmel toolchain/arm gcc/native/4.8.1443/arm-gnu-toolchain/bin/../lib/gcc/arm-none-eabi/4.8.4/../../../../arm-none-eabi/lib/armv7-m\libc.a(lib_a-memset.o)
 .debug_frame   0x0000137c       0x20 c:/program files/atmel/atmel toolchain/arm gcc/native/4.8.1443/arm-gnu-toolchain/bin/../lib/gcc/arm-none-eabi/4.8.4/../../../../arm-none-eabi/lib/armv7-m\libc.a(lib_a-setbuf.o)
 .debug_frame   0x0000139c       0x30 c:/program files/atmel/atmel toolchain/arm gcc/native/4.8.1443/arm-gnu-toolchain/bin/../lib/gcc/arm-none-eabi/4.8.4/../../../../arm-none-eabi/lib/armv7-m\libc.a(lib_a-setvbuf.o)
 .debug_frame   0x000013cc       0x20 c:/program files/atmel/atmel toolchain/arm gcc/native/4.8.1443/arm-gnu-toolchain/bin/../lib/gcc/arm-none-eabi/4.8.4/../../../../arm-none-eabi/lib/armv7-m\libc.a(lib_a-strlen.o)
 .debug_frame   0x000013ec       0xb8 c:/program files/atmel/atmel toolchain/arm gcc/native/4.8.1443/arm-gnu-toolchain/bin/../lib/gcc/arm-none-eabi/4.8.4/../../../../arm-none-eabi/lib/armv7-m\libc.a(lib_a-vfiprintf.o)
 .debug_frame   0x000014a4       0x2c c:/program files/atmel/atmel toolchain/arm gcc/native/4.8.1443/arm-gnu-toolchain/bin/../lib/gcc/arm-none-eabi/4.8.4/../../../../arm-none-eabi/lib/armv7-m\libc.a(lib_a-wsetup.o)
 .debug_frame   0x000014d0       0x48 c:/program files/atmel/atmel toolchain/arm gcc/native/4.8.1443/arm-gnu-toolchain/bin/../lib/gcc/arm-none-eabi/4.8.4/../../../../arm-none-eabi/lib/armv7-m\libc.a(lib_a-__call_atexit.o)
 .debug_frame   0x00001518       0x20 c:/program files/atmel/atmel toolchain/arm gcc/native/4.8.1443/arm-gnu-toolchain/bin/../lib/gcc/arm-none-eabi/4.8.4/../../../../arm-none-eabi/lib/armv7-m\libc.a(lib_a-atexit.o)
 .debug_frame   0x00001538       0x5c c:/program files/atmel/atmel toolchain/arm gcc/native/4.8.1443/arm-gnu-toolchain/bin/../lib/gcc/arm-none-eabi/4.8.4/../../../../arm-none-eabi/lib/armv7-m\libc.a(lib_a-fflush.o)
 .debug_frame   0x00001594      0x110 c:/program files/atmel/atmel toolchain/arm gcc/native/4.8.1443/arm-gnu-toolchain/bin/../lib/gcc/arm-none-eabi/4.8.4/../../../../arm-none-eabi/lib/armv7-m\libc.a(lib_a-findfp.o)
 .debug_frame   0x000016a4       0x2c c:/program files/atmel/atmel toolchain/arm gcc/native/4.8.1443/arm-gnu-toolchain/bin/../lib/gcc/arm-none-eabi/4.8.4/../../../../arm-none-eabi/lib/armv7-m\libc.a(lib_a-fini.o)
 .debug_frame   0x000016d0       0x50 c:/program files/atmel/atmel toolchain/arm gcc/native/4.8.1443/arm-gnu-toolchain/bin/../lib/gcc/arm-none-eabi/4.8.4/../../../../arm-none-eabi/lib/armv7-m\libc.a(lib_a-fputwc.o)
 .debug_frame   0x00001720       0x50 c:/program files/atmel/atmel toolchain/arm gcc/native/4.8.1443/arm-gnu-toolchain/bin/../lib/gcc/arm-none-eabi/4.8.4/../../../../arm-none-eabi/lib/armv7-m\libc.a(lib_a-freer.o)
 .debug_frame   0x00001770       0x38 c:/program files/atmel/atmel toolchain/arm gcc/native/4.8.1443/arm-gnu-toolchain/bin/../lib/gcc/arm-none-eabi/4.8.4/../../../../arm-none-eabi/lib/armv7-m\libc.a(lib_a-fvwrite.o)
 .debug_frame   0x000017a8       0x54 c:/program files/atmel/atmel toolchain/arm gcc/native/4.8.1443/arm-gnu-toolchain/bin/../lib/gcc/arm-none-eabi/4.8.4/../../../../arm-none-eabi/lib/armv7-m\libc.a(lib_a-fwalk.o)
 .debug_frame   0x000017fc       0x98 c:/program files/atmel/atmel toolchain/arm gcc/native/4.8.1443/arm-gnu-toolchain/bin/../lib/gcc/arm-none-eabi/4.8.4/../../../../arm-none-eabi/lib/armv7-m\libc.a(lib_a-locale.o)
 .debug_frame   0x00001894       0x30 c:/program files/atmel/atmel toolchain/arm gcc/native/4.8.1443/arm-gnu-toolchain/bin/../lib/gcc/arm-none-eabi/4.8.4/../../../../arm-none-eabi/lib/armv7-m\libc.a(lib_a-makebuf.o)
 .debug_frame   0x000018c4       0x30 c:/program files/atmel/atmel toolchain/arm gcc/native/4.8.1443/arm-gnu-toolchain/bin/../lib/gcc/arm-none-eabi/4.8.4/../../../../arm-none-eabi/lib/armv7-m\libc.a(lib_a-malloc.o)
 .debug_frame   0x000018f4       0x38 c:/program files/atmel/atmel toolchain/arm gcc/native/4.8.1443/arm-gnu-toolchain/bin/../lib/gcc/arm-none-eabi/4.8.4/../../../../arm-none-eabi/lib/armv7-m\libc.a(lib_a-mallocr.o)
 .debug_frame   0x0000192c       0x2c c:/program files/atmel/atmel toolchain/arm gcc/native/4.8.1443/arm-gnu-toolchain/bin/../lib/gcc/arm-none-eabi/4.8.4/../../../../arm-none-eabi/lib/armv7-m\libc.a(lib_a-memchr-stub.o)
 .debug_frame   0x00001958       0x2c c:/program files/atmel/atmel toolchain/arm gcc/native/4.8.1443/arm-gnu-toolchain/bin/../lib/gcc/arm-none-eabi/4.8.4/../../../../arm-none-eabi/lib/armv7-m\libc.a(lib_a-memmove.o)
 .debug_frame   0x00001984       0x30 c:/program files/atmel/atmel toolchain/arm gcc/native/4.8.1443/arm-gnu-toolchain/bin/../lib/gcc/arm-none-eabi/4.8.4/../../../../arm-none-eabi/lib/armv7-m\libc.a(lib_a-mlock.o)
 .debug_frame   0x000019b4       0x38 c:/program files/atmel/atmel toolchain/arm gcc/native/4.8.1443/arm-gnu-toolchain/bin/../lib/gcc/arm-none-eabi/4.8.4/../../../../arm-none-eabi/lib/armv7-m\libc.a(lib_a-reallocr.o)
 .debug_frame   0x000019ec       0x2c c:/program files/atmel/atmel toolchain/arm gcc/native/4.8.1443/arm-gnu-toolchain/bin/../lib/gcc/arm-none-eabi/4.8.4/../../../../arm-none-eabi/lib/armv7-m\libc.a(lib_a-sbrkr.o)
 .debug_frame   0x00001a18       0x80 c:/program files/atmel/atmel toolchain/arm gcc/native/4.8.1443/arm-gnu-toolchain/bin/../lib/gcc/arm-none-eabi/4.8.4/../../../../arm-none-eabi/lib/armv7-m\libc.a(lib_a-stdio.o)
 .debug_frame   0x00001a98       0x40 c:/program files/atmel/atmel toolchain/arm gcc/native/4.8.1443/arm-gnu-toolchain/bin/../lib/gcc/arm-none-eabi/4.8.4/../../../../arm-none-eabi/lib/armv7-m\libc.a(lib_a-wbuf.o)
 .debug_frame   0x00001ad8       0x58 c:/program files/atmel/atmel toolchain/arm gcc/native/4.8.1443/arm-gnu-toolchain/bin/../lib/gcc/arm-none-eabi/4.8.4/../../../../arm-none-eabi/lib/armv7-m\libc.a(lib_a-wcrtomb.o)
 .debug_frame   0x00001b30       0x44 c:/program files/atmel/atmel toolchain/arm gcc/native/4.8.1443/arm-gnu-toolchain/bin/../lib/gcc/arm-none-eabi/4.8.4/../../../../arm-none-eabi/lib/armv7-m\libc.a(lib_a-wctomb_r.o)
 .debug_frame   0x00001b74       0x2c c:/program files/atmel/atmel toolchain/arm gcc/native/4.8.1443/arm-gnu-toolchain/bin/../lib/gcc/arm-none-eabi/4.8.4/../../../../arm-none-eabi/lib/armv7-m\libc.a(lib_a-writer.o)
 .debug_frame   0x00001ba0       0x30 c:/program files/atmel/atmel toolchain/arm gcc/native/4.8.1443/arm-gnu-toolchain/bin/../lib/gcc/arm-none-eabi/4.8.4/../../../../arm-none-eabi/lib/armv7-m\libc.a(lib_a-__atexit.o)
 .debug_frame   0x00001bd0       0x2c c:/program files/atmel/atmel toolchain/arm gcc/native/4.8.1443/arm-gnu-toolchain/bin/../lib/gcc/arm-none-eabi/4.8.4/../../../../arm-none-eabi/lib/armv7-m\libc.a(lib_a-closer.o)
 .debug_frame   0x00001bfc       0x3c c:/program files/atmel/atmel toolchain/arm gcc/native/4.8.1443/arm-gnu-toolchain/bin/../lib/gcc/arm-none-eabi/4.8.4/../../../../arm-none-eabi/lib/armv7-m\libc.a(lib_a-fclose.o)
 .debug_frame   0x00001c38       0x2c c:/program files/atmel/atmel toolchain/arm gcc/native/4.8.1443/arm-gnu-toolchain/bin/../lib/gcc/arm-none-eabi/4.8.4/../../../../arm-none-eabi/lib/armv7-m\libc.a(lib_a-fstatr.o)
 .debug_frame   0x00001c64       0x2c c:/program files/atmel/atmel toolchain/arm gcc/native/4.8.1443/arm-gnu-toolchain/bin/../lib/gcc/arm-none-eabi/4.8.4/../../../../arm-none-eabi/lib/armv7-m\libc.a(lib_a-isattyr.o)
 .debug_frame   0x00001c90       0x2c c:/program files/atmel/atmel toolchain/arm gcc/native/4.8.1443/arm-gnu-toolchain/bin/../lib/gcc/arm-none-eabi/4.8.4/../../../../arm-none-eabi/lib/armv7-m\libc.a(lib_a-lseekr.o)
 .debug_frame   0x00001cbc       0x2c c:/program files/atmel/atmel toolchain/arm gcc/native/4.8.1443/arm-gnu-toolchain/bin/../lib/gcc/arm-none-eabi/4.8.4/../../../../arm-none-eabi/lib/armv7-m\libc.a(lib_a-readr.o)
 .debug_frame   0x00001ce8       0x48 c:/program files/atmel/atmel toolchain/arm gcc/native/4.8.1443/arm-gnu-toolchain/bin/../lib/gcc/arm-none-eabi/4.8.4/../../../../arm-none-eabi/lib/armv7-m\libc.a(lib_a-reent.o)
 .debug_frame   0x00001d30       0x58 c:/program files/atmel/atmel toolchain/arm gcc/native/4.8.1443/arm-gnu-toolchain/bin/../lib/gcc/arm-none-eabi/4.8.4/armv7-m\libgcc.a(bpabi.o)
 .debug_frame   0x00001d88       0x34 c:/program files/atmel/atmel toolchain/arm gcc/native/4.8.1443/arm-gnu-toolchain/bin/../lib/gcc/arm-none-eabi/4.8.4/armv7-m\libgcc.a(_divdi3.o)
 .debug_frame   0x00001dbc       0x34 c:/program files/atmel/atmel toolchain/arm gcc/native/4.8.1443/arm-gnu-toolchain/bin/../lib/gcc/arm-none-eabi/4.8.4/armv7-m\libgcc.a(_udivdi3.o)

Cross Reference Table

Symbol                                            File
ADC_Handler                                       src/main.o
                                                  src/ASF/sam/utils/cmsis/sam3x/source/templates/exceptions.o
                                                  src/ASF/sam/utils/cmsis/sam3x/source/templates/gcc/startup_sam3x.o
BusFault_Handler                                  src/ASF/sam/utils/cmsis/sam3x/source/templates/exceptions.o
                                                  src/ASF/sam/utils/cmsis/sam3x/source/templates/gcc/startup_sam3x.o
CAN0_Handler                                      src/ASF/sam/utils/cmsis/sam3x/source/templates/exceptions.o
                                                  src/ASF/sam/utils/cmsis/sam3x/source/templates/gcc/startup_sam3x.o
CAN1_Handler                                      src/ASF/sam/utils/cmsis/sam3x/source/templates/exceptions.o
                                                  src/ASF/sam/utils/cmsis/sam3x/source/templates/gcc/startup_sam3x.o
DACC_Handler                                      src/ASF/sam/utils/cmsis/sam3x/source/templates/exceptions.o
                                                  src/ASF/sam/utils/cmsis/sam3x/source/templates/gcc/startup_sam3x.o
DMAC_Handler                                      src/ASF/sam/utils/cmsis/sam3x/source/templates/exceptions.o
                                                  src/ASF/sam/utils/cmsis/sam3x/source/templates/gcc/startup_sam3x.o
DebugMon_Handler                                  src/ASF/sam/utils/cmsis/sam3x/source/templates/exceptions.o
                                                  src/ASF/sam/utils/cmsis/sam3x/source/templates/gcc/startup_sam3x.o
Dummy_Handler                                     src/ASF/sam/utils/cmsis/sam3x/source/templates/exceptions.o
EFC0_Handler                                      src/ASF/sam/utils/cmsis/sam3x/source/templates/exceptions.o
                                                  src/ASF/sam/utils/cmsis/sam3x/source/templates/gcc/startup_sam3x.o
EFC1_Handler                                      src/ASF/sam/utils/cmsis/sam3x/source/templates/exceptions.o
                                                  src/ASF/sam/utils/cmsis/sam3x/source/templates/gcc/startup_sam3x.o
EMAC_Handler                                      src/ASF/sam/utils/cmsis/sam3x/source/templates/exceptions.o
                                                  src/ASF/sam/utils/cmsis/sam3x/source/templates/gcc/startup_sam3x.o
HSMCI_Handler                                     src/ASF/sam/utils/cmsis/sam3x/source/templates/exceptions.o
                                                  src/ASF/sam/utils/cmsis/sam3x/source/templates/gcc/startup_sam3x.o
HardFault_Handler                                 src/ASF/sam/utils/cmsis/sam3x/source/templates/exceptions.o
                                                  src/ASF/sam/utils/cmsis/sam3x/source/templates/gcc/startup_sam3x.o
MemManage_Handler                                 src/ASF/sam/utils/cmsis/sam3x/source/templates/exceptions.o
                                                  src/ASF/sam/utils/cmsis/sam3x/source/templates/gcc/startup_sam3x.o
NMI_Handler                                       src/ASF/sam/utils/cmsis/sam3x/source/templates/exceptions.o
                                                  src/ASF/sam/utils/cmsis/sam3x/source/templates/gcc/startup_sam3x.o
PIOA_Handler                                      src/ASF/sam/drivers/pio/pio_handler.o
                                                  src/ASF/sam/utils/cmsis/sam3x/source/templates/gcc/startup_sam3x.o
PIOB_Handler                                      src/ASF/sam/drivers/pio/pio_handler.o
                                                  src/ASF/sam/utils/cmsis/sam3x/source/templates/gcc/startup_sam3x.o
PIOC_Handler                                      src/ASF/sam/drivers/pio/pio_handler.o
                                                  src/ASF/sam/utils/cmsis/sam3x/source/templates/gcc/startup_sam3x.o
PIOD_Handler                                      src/ASF/sam/drivers/pio/pio_handler.o
                                                  src/ASF/sam/utils/cmsis/sam3x/source/templates/gcc/startup_sam3x.o
PMC_Handler                                       src/ASF/sam/utils/cmsis/sam3x/source/templates/exceptions.o
                                                  src/ASF/sam/utils/cmsis/sam3x/source/templates/gcc/startup_sam3x.o
PWM_Handler                                       src/ASF/sam/utils/cmsis/sam3x/source/templates/exceptions.o
                                                  src/ASF/sam/utils/cmsis/sam3x/source/templates/gcc/startup_sam3x.o
PendSV_Handler                                    src/ASF/sam/utils/cmsis/sam3x/source/templates/exceptions.o
                                                  src/ASF/sam/utils/cmsis/sam3x/source/templates/gcc/startup_sam3x.o
RSTC_Handler                                      src/ASF/sam/utils/cmsis/sam3x/source/templates/exceptions.o
                                                  src/ASF/sam/utils/cmsis/sam3x/source/templates/gcc/startup_sam3x.o
RTC_Handler                                       src/ASF/sam/utils/cmsis/sam3x/source/templates/exceptions.o
                                                  src/ASF/sam/utils/cmsis/sam3x/source/templates/gcc/startup_sam3x.o
RTT_Handler                                       src/ASF/sam/utils/cmsis/sam3x/source/templates/exceptions.o
                                                  src/ASF/sam/utils/cmsis/sam3x/source/templates/gcc/startup_sam3x.o
Reset_Handler                                     src/ASF/sam/utils/cmsis/sam3x/source/templates/gcc/startup_sam3x.o
SMC_Handler                                       src/ASF/sam/utils/cmsis/sam3x/source/templates/exceptions.o
                                                  src/ASF/sam/utils/cmsis/sam3x/source/templates/gcc/startup_sam3x.o
SPI0_Handler                                      src/ASF/sam/utils/cmsis/sam3x/source/templates/exceptions.o
                                                  src/ASF/sam/utils/cmsis/sam3x/source/templates/gcc/startup_sam3x.o
SSC_Handler                                       src/ASF/sam/utils/cmsis/sam3x/source/templates/exceptions.o
                                                  src/ASF/sam/utils/cmsis/sam3x/source/templates/gcc/startup_sam3x.o
SUPC_Handler                                      src/ASF/sam/utils/cmsis/sam3x/source/templates/exceptions.o
                                                  src/ASF/sam/utils/cmsis/sam3x/source/templates/gcc/startup_sam3x.o
SVC_Handler                                       src/ASF/sam/utils/cmsis/sam3x/source/templates/exceptions.o
                                                  src/ASF/sam/utils/cmsis/sam3x/source/templates/gcc/startup_sam3x.o
SysTick_Handler                                   src/ASF/sam/utils/cmsis/sam3x/source/templates/exceptions.o
                                                  src/ASF/sam/utils/cmsis/sam3x/source/templates/gcc/startup_sam3x.o
SystemCoreClock                                   src/ASF/sam/utils/cmsis/sam3x/source/templates/system_sam3x.o
SystemCoreClockUpdate                             src/ASF/sam/utils/cmsis/sam3x/source/templates/system_sam3x.o
                                                  src/ASF/common/services/clock/sam3x/sysclk.o
SystemInit                                        src/ASF/sam/utils/cmsis/sam3x/source/templates/system_sam3x.o
TC0_Handler                                       src/ASF/sam/utils/cmsis/sam3x/source/templates/exceptions.o
                                                  src/ASF/sam/utils/cmsis/sam3x/source/templates/gcc/startup_sam3x.o
TC1_Handler                                       src/ASF/sam/utils/cmsis/sam3x/source/templates/exceptions.o